mvn : WARNING: A terminally deprecated method in 
sun.misc.Unsafe has been called
En línea: 1 Carácter: 1
+ mvn test -Dbrowser=chrome -Dheadless=true 2>&1 | Tee-Object 
-FilePath ...
+ ~~~~~~~~~~~~~~~~~~~~~~~~~~~~~~~~~~~~~~~~~~~~~~
    + CategoryInfo          : NotSpecified: (WARNING: A term.. 
   .has been called:String) [], RemoteException
    + FullyQualifiedErrorId : NativeCommandError
 
WARNING: sun.misc.Unsafe::staticFieldBase has been called by 
com.google.inject.internal.aop.HiddenClassDefiner (file:/C:/Use
rs/Usuario/Downloads/apache-maven-3.9.11-bin/apache-maven-3.9.1
1/lib/guice-5.1.0-classes.jar)
WARNING: Please consider reporting this to the maintainers of 
class com.google.inject.internal.aop.HiddenClassDefiner
WARNING: sun.misc.Unsafe::staticFieldBase will be removed in a 
future release
[INFO] Scanning for projects...
[INFO] 
[INFO] -----------------------< automation:automation >------------------------
[INFO] Building automation 1.0-SNAPSHOT
[INFO]   from pom.xml
[INFO] --------------------------------[ jar ]---------------------------------
[INFO] 
[INFO] --- resources:3.3.1:resources (default-resources) @ automation ---
[INFO] skip non existing resourceDirectory C:\Users\Usuario\Desktop\automation-reto-2025\src\main\resources
[INFO] 
[INFO] --- compiler:3.11.0:compile (default-compile) @ automation ---
[INFO] Nothing to compile - all classes are up to date
[INFO] 
[INFO] --- resources:3.3.1:testResources (default-testResources) @ automation ---
[INFO] skip non existing resourceDirectory C:\Users\Usuario\Desktop\automation-reto-2025\src\test\resources
[INFO] 
[INFO] --- compiler:3.11.0:testCompile (default-testCompile) @ automation ---
[INFO] Nothing to compile - all classes are up to date
[INFO] 
[INFO] --- surefire:3.2.5:test (default-test) @ automation ---
[INFO] Using auto detected provider org.apache.maven.surefire.junitplatform.JUnitPlatformProvider
[INFO] 
[INFO] -------------------------------------------------------
[INFO]  T E S T S
[INFO] -------------------------------------------------------
[INFO] Running automation.flujoscriticos.F10_GeneracionTotalesTest
Chrome ejecutßndose en modo HEADLESS
SLF4J(W): No SLF4J providers were found.
SLF4J(W): Defaulting to no-operation (NOP) logger 
implementation
SLF4J(W): See https://www.slf4j.org/codes.html#noProviders for 
further details.
dic. 22, 2025 4:23:38 P.áM. 
org.openqa.selenium.devtools.CdpVersionFinder findNearestMatch
WARNING: Unable to find CDP implementation matching 143
dic. 22, 2025 4:23:38 P.áM. 
org.openqa.selenium.chromium.ChromiumDriver lambda$new$5
WARNING: Unable to find version of CDP to use for 
143.0.7499.169. You may need to include a dependency on a 
specific version of the CDP using something similar to 
`org.seleniumhq.selenium:selenium-devtools-v86:4.27.0` where 
the version ("v86") matches the version of the chromium-based 
browser you're using and the version number of the artifact is 
the same as Selenium's.
Screenshot guardado en: C:\\Users\\Usuario\\Desktop\\Capturas\\\flujos_criticos_F10_06_valores_numericos_20251222162347.png
Valor numÚrico encontrado: $0.00
Chrome ejecutßndose en modo HEADLESS
dic. 22, 2025 4:23:49 P.áM. 
org.openqa.selenium.devtools.CdpVersionFinder findNearestMatch
WARNING: Unable to find CDP implementation matching 143
dic. 22, 2025 4:23:49 P.áM. 
org.openqa.selenium.chromium.ChromiumDriver lambda$new$5
WARNING: Unable to find version of CDP to use for 
143.0.7499.169. You may need to include a dependency on a 
specific version of the CDP using something similar to 
`org.seleniumhq.selenium:selenium-devtools-v86:4.27.0` where 
the version ("v86") matches the version of the chromium-based 
browser you're using and the version number of the artifact is 
the same as Selenium's.
Screenshot guardado en: C:\\Users\\Usuario\\Desktop\\Capturas\\\flujos_criticos_F10_07_desde_ingresos_20251222162358.png
Screenshot guardado en: C:\\Users\\Usuario\\Desktop\\Capturas\\\flujos_criticos_F10_08_totales_despues_ingresos_20251222162401.png
Chrome ejecutßndose en modo HEADLESS
dic. 22, 2025 4:24:03 P.áM. 
org.openqa.selenium.devtools.CdpVersionFinder findNearestMatch
WARNING: Unable to find CDP implementation matching 143
dic. 22, 2025 4:24:03 P.áM. 
org.openqa.selenium.chromium.ChromiumDriver lambda$new$5
WARNING: Unable to find version of CDP to use for 
143.0.7499.169. You may need to include a dependency on a 
specific version of the CDP using something similar to 
`org.seleniumhq.selenium:selenium-devtools-v86:4.27.0` where 
the version ("v86") matches the version of the chromium-based 
browser you're using and the version number of the artifact is 
the same as Selenium's.
Screenshot guardado en: C:\\Users\\Usuario\\Desktop\\Capturas\\\flujos_criticos_F10_09_desde_egresos_20251222162411.png
Screenshot guardado en: C:\\Users\\Usuario\\Desktop\\Capturas\\\flujos_criticos_F10_10_totales_despues_egresos_20251222162414.png
Chrome ejecutßndose en modo HEADLESS
dic. 22, 2025 4:24:16 P.áM. 
org.openqa.selenium.devtools.CdpVersionFinder findNearestMatch
WARNING: Unable to find CDP implementation matching 143
dic. 22, 2025 4:24:16 P.áM. 
org.openqa.selenium.chromium.ChromiumDriver lambda$new$5
WARNING: Unable to find version of CDP to use for 
143.0.7499.169. You may need to include a dependency on a 
specific version of the CDP using something similar to 
`org.seleniumhq.selenium:selenium-devtools-v86:4.27.0` where 
the version ("v86") matches the version of the chromium-based 
browser you're using and the version number of the artifact is 
the same as Selenium's.
Screenshot guardado en: C:\\Users\\Usuario\\Desktop\\Capturas\\\flujos_criticos_F10_02_total_ingresos_20251222162425.png
Valores monetarios encontrados: 7
Chrome ejecutßndose en modo HEADLESS
dic. 22, 2025 4:24:27 P.áM. 
org.openqa.selenium.devtools.CdpVersionFinder findNearestMatch
WARNING: Unable to find CDP implementation matching 143
dic. 22, 2025 4:24:27 P.áM. 
org.openqa.selenium.chromium.ChromiumDriver lambda$new$5
WARNING: Unable to find version of CDP to use for 
143.0.7499.169. You may need to include a dependency on a 
specific version of the CDP using something similar to 
`org.seleniumhq.selenium:selenium-devtools-v86:4.27.0` where 
the version ("v86") matches the version of the chromium-based 
browser you're using and the version number of the artifact is 
the same as Selenium's.
Screenshot guardado en: C:\\Users\\Usuario\\Desktop\\Capturas\\\flujos_criticos_F10_05_estructura_totales_20251222162436.png
Tiene cards: true
Tiene listas: true
Tiene labels: true
Chrome ejecutßndose en modo HEADLESS
dic. 22, 2025 4:24:37 P.áM. 
org.openqa.selenium.devtools.CdpVersionFinder findNearestMatch
WARNING: Unable to find CDP implementation matching 143
dic. 22, 2025 4:24:37 P.áM. 
org.openqa.selenium.chromium.ChromiumDriver lambda$new$5
WARNING: Unable to find version of CDP to use for 
143.0.7499.169. You may need to include a dependency on a 
specific version of the CDP using something similar to 
`org.seleniumhq.selenium:selenium-devtools-v86:4.27.0` where 
the version ("v86") matches the version of the chromium-based 
browser you're using and the version number of the artifact is 
the same as Selenium's.
Screenshot guardado en: C:\\Users\\Usuario\\Desktop\\Capturas\\\flujos_criticos_F10_04_balance_general_20251222162446.png
Chrome ejecutßndose en modo HEADLESS
dic. 22, 2025 4:24:48 P.áM. 
org.openqa.selenium.devtools.CdpVersionFinder findNearestMatch
WARNING: Unable to find CDP implementation matching 143
dic. 22, 2025 4:24:48 P.áM. 
org.openqa.selenium.chromium.ChromiumDriver lambda$new$5
WARNING: Unable to find version of CDP to use for 
143.0.7499.169. You may need to include a dependency on a 
specific version of the CDP using something similar to 
`org.seleniumhq.selenium:selenium-devtools-v86:4.27.0` where 
the version ("v86") matches the version of the chromium-based 
browser you're using and the version number of the artifact is 
the same as Selenium's.
Screenshot guardado en: C:\\Users\\Usuario\\Desktop\\Capturas\\\flujos_criticos_F10_01_seccion_totales_20251222162456.png
Chrome ejecutßndose en modo HEADLESS
dic. 22, 2025 4:24:58 P.áM. 
org.openqa.selenium.devtools.CdpVersionFinder findNearestMatch
WARNING: Unable to find CDP implementation matching 143
dic. 22, 2025 4:24:58 P.áM. 
org.openqa.selenium.chromium.ChromiumDriver lambda$new$5
WARNING: Unable to find version of CDP to use for 
143.0.7499.169. You may need to include a dependency on a 
specific version of the CDP using something similar to 
`org.seleniumhq.selenium:selenium-devtools-v86:4.27.0` where 
the version ("v86") matches the version of the chromium-based 
browser you're using and the version number of the artifact is 
the same as Selenium's.
Screenshot guardado en: C:\\Users\\Usuario\\Desktop\\Capturas\\\flujos_criticos_F10_03_total_egresos_20251222162506.png
[INFO] Tests run: 8, Failures: 0, Errors: 0, Skipped: 0, Time elapsed: 91.28 s -- in automation.flujoscriticos.F10_GeneracionTotalesTest
[INFO] Running automation.flujoscriticos.F11_RegistroPagosMultiplesTest
Chrome ejecutßndose en modo HEADLESS
dic. 22, 2025 4:25:08 P.áM. 
org.openqa.selenium.devtools.CdpVersionFinder findNearestMatch
WARNING: Unable to find CDP implementation matching 143
dic. 22, 2025 4:25:08 P.áM. 
org.openqa.selenium.chromium.ChromiumDriver lambda$new$5
WARNING: Unable to find version of CDP to use for 
143.0.7499.169. You may need to include a dependency on a 
specific version of the CDP using something similar to 
`org.seleniumhq.selenium:selenium-devtools-v86:4.27.0` where 
the version ("v86") matches the version of the chromium-based 
browser you're using and the version number of the artifact is 
the same as Selenium's.
Screenshot guardado en: C:\\Users\\Usuario\\Desktop\\Capturas\\\flujos_criticos_F11_01_estructura_filas_20251222162517.png
Chrome ejecutßndose en modo HEADLESS
dic. 22, 2025 4:25:18 P.áM. 
org.openqa.selenium.devtools.CdpVersionFinder findNearestMatch
WARNING: Unable to find CDP implementation matching 143
dic. 22, 2025 4:25:18 P.áM. 
org.openqa.selenium.chromium.ChromiumDriver lambda$new$5
WARNING: Unable to find version of CDP to use for 
143.0.7499.169. You may need to include a dependency on a 
specific version of the CDP using something similar to 
`org.seleniumhq.selenium:selenium-devtools-v86:4.27.0` where 
the version ("v86") matches the version of the chromium-based 
browser you're using and the version number of the artifact is 
the same as Selenium's.
Screenshot guardado en: C:\\Users\\Usuario\\Desktop\\Capturas\\\flujos_criticos_F11_05_boton_pago_20251222162527.png
Chrome ejecutßndose en modo HEADLESS
dic. 22, 2025 4:25:28 P.áM. 
org.openqa.selenium.devtools.CdpVersionFinder findNearestMatch
WARNING: Unable to find CDP implementation matching 143
dic. 22, 2025 4:25:28 P.áM. 
org.openqa.selenium.chromium.ChromiumDriver lambda$new$5
WARNING: Unable to find version of CDP to use for 
143.0.7499.169. You may need to include a dependency on a 
specific version of the CDP using something similar to 
`org.seleniumhq.selenium:selenium-devtools-v86:4.27.0` where 
the version ("v86") matches the version of the chromium-based 
browser you're using and the version number of the artifact is 
the same as Selenium's.
Screenshot guardado en: C:\\Users\\Usuario\\Desktop\\Capturas\\\flujos_criticos_F11_02_saldo_pendiente_20251222162537.png
Chrome ejecutßndose en modo HEADLESS
dic. 22, 2025 4:25:39 P.áM. 
org.openqa.selenium.devtools.CdpVersionFinder findNearestMatch
WARNING: Unable to find CDP implementation matching 143
dic. 22, 2025 4:25:39 P.áM. 
org.openqa.selenium.chromium.ChromiumDriver lambda$new$5
WARNING: Unable to find version of CDP to use for 
143.0.7499.169. You may need to include a dependency on a 
specific version of the CDP using something similar to 
`org.seleniumhq.selenium:selenium-devtools-v86:4.27.0` where 
the version ("v86") matches the version of the chromium-based 
browser you're using and the version number of the artifact is 
the same as Selenium's.
Screenshot guardado en: C:\\Users\\Usuario\\Desktop\\Capturas\\\flujos_criticos_F11_04_calculo_saldo_20251222162547.png
Valores monetarios encontrados: 0
Chrome ejecutßndose en modo HEADLESS
dic. 22, 2025 4:25:49 P.áM. 
org.openqa.selenium.devtools.CdpVersionFinder findNearestMatch
WARNING: Unable to find CDP implementation matching 143
dic. 22, 2025 4:25:49 P.áM. 
org.openqa.selenium.chromium.ChromiumDriver lambda$new$5
WARNING: Unable to find version of CDP to use for 
143.0.7499.169. You may need to include a dependency on a 
specific version of the CDP using something similar to 
`org.seleniumhq.selenium:selenium-devtools-v86:4.27.0` where 
the version ("v86") matches the version of the chromium-based 
browser you're using and the version number of the artifact is 
the same as Selenium's.
Screenshot guardado en: C:\\Users\\Usuario\\Desktop\\Capturas\\\flujos_criticos_F11_07_pagos_egresos_20251222162559.png
Chrome ejecutßndose en modo HEADLESS
dic. 22, 2025 4:26:00 P.áM. 
org.openqa.selenium.devtools.CdpVersionFinder findNearestMatch
WARNING: Unable to find CDP implementation matching 143
dic. 22, 2025 4:26:00 P.áM. 
org.openqa.selenium.chromium.ChromiumDriver lambda$new$5
WARNING: Unable to find version of CDP to use for 
143.0.7499.169. You may need to include a dependency on a 
specific version of the CDP using something similar to 
`org.seleniumhq.selenium:selenium-devtools-v86:4.27.0` where 
the version ("v86") matches the version of the chromium-based 
browser you're using and the version number of the artifact is 
the same as Selenium's.
Screenshot guardado en: C:\\Users\\Usuario\\Desktop\\Capturas\\\flujos_criticos_F11_03_pago_inicial_20251222162609.png
Chrome ejecutßndose en modo HEADLESS
dic. 22, 2025 4:26:11 P.áM. 
org.openqa.selenium.devtools.CdpVersionFinder findNearestMatch
WARNING: Unable to find CDP implementation matching 143
dic. 22, 2025 4:26:11 P.áM. 
org.openqa.selenium.chromium.ChromiumDriver lambda$new$5
WARNING: Unable to find version of CDP to use for 
143.0.7499.169. You may need to include a dependency on a 
specific version of the CDP using something similar to 
`org.seleniumhq.selenium:selenium-devtools-v86:4.27.0` where 
the version ("v86") matches the version of the chromium-based 
browser you're using and the version number of the artifact is 
the same as Selenium's.
Screenshot guardado en: C:\\Users\\Usuario\\Desktop\\Capturas\\\flujos_criticos_F11_06_estado_filas_20251222162621.png
[INFO] Tests run: 7, Failures: 0, Errors: 0, Skipped: 0, Time elapsed: 74.86 s -- in automation.flujoscriticos.F11_RegistroPagosMultiplesTest
[INFO] Running automation.flujoscriticos.F12_ExportacionInformesTest
Chrome ejecutßndose en modo HEADLESS
dic. 22, 2025 4:26:23 P.áM. 
org.openqa.selenium.devtools.CdpVersionFinder findNearestMatch
WARNING: Unable to find CDP implementation matching 143
dic. 22, 2025 4:26:23 P.áM. 
org.openqa.selenium.chromium.ChromiumDriver lambda$new$5
WARNING: Unable to find version of CDP to use for 
143.0.7499.169. You may need to include a dependency on a 
specific version of the CDP using something similar to 
`org.seleniumhq.selenium:selenium-devtools-v86:4.27.0` where 
the version ("v86") matches the version of the chromium-based 
browser you're using and the version number of the artifact is 
the same as Selenium's.
Screenshot guardado en: C:\\Users\\Usuario\\Desktop\\Capturas\\\flujos_criticos_F12_01_exportacion_ingresos_20251222162632.png
Botones de acci¾n encontrados: 10
Chrome ejecutßndose en modo HEADLESS
dic. 22, 2025 4:26:33 P.áM. 
org.openqa.selenium.devtools.CdpVersionFinder findNearestMatch
WARNING: Unable to find CDP implementation matching 143
dic. 22, 2025 4:26:33 P.áM. 
org.openqa.selenium.chromium.ChromiumDriver lambda$new$5
WARNING: Unable to find version of CDP to use for 
143.0.7499.169. You may need to include a dependency on a 
specific version of the CDP using something similar to 
`org.seleniumhq.selenium:selenium-devtools-v86:4.27.0` where 
the version ("v86") matches the version of the chromium-based 
browser you're using and the version number of the artifact is 
the same as Selenium's.
Screenshot guardado en: C:\\Users\\Usuario\\Desktop\\Capturas\\\flujos_criticos_F12_07_presentacion_tabular_20251222162642.png
Chrome ejecutßndose en modo HEADLESS
dic. 22, 2025 4:26:44 P.áM. 
org.openqa.selenium.devtools.CdpVersionFinder findNearestMatch
WARNING: Unable to find CDP implementation matching 143
dic. 22, 2025 4:26:44 P.áM. 
org.openqa.selenium.chromium.ChromiumDriver lambda$new$5
WARNING: Unable to find version of CDP to use for 
143.0.7499.169. You may need to include a dependency on a 
specific version of the CDP using something similar to 
`org.seleniumhq.selenium:selenium-devtools-v86:4.27.0` where 
the version ("v86") matches the version of the chromium-based 
browser you're using and the version number of the artifact is 
the same as Selenium's.
Screenshot guardado en: C:\\Users\\Usuario\\Desktop\\Capturas\\\flujos_criticos_F12_04_totales_informe_20251222162653.png
Chrome ejecutßndose en modo HEADLESS
dic. 22, 2025 4:26:54 P.áM. 
org.openqa.selenium.devtools.CdpVersionFinder findNearestMatch
WARNING: Unable to find CDP implementation matching 143
dic. 22, 2025 4:26:54 P.áM. 
org.openqa.selenium.chromium.ChromiumDriver lambda$new$5
WARNING: Unable to find version of CDP to use for 
143.0.7499.169. You may need to include a dependency on a 
specific version of the CDP using something similar to 
`org.seleniumhq.selenium:selenium-devtools-v86:4.27.0` where 
the version ("v86") matches the version of the chromium-based 
browser you're using and the version number of the artifact is 
the same as Selenium's.
Screenshot guardado en: C:\\Users\\Usuario\\Desktop\\Capturas\\\flujos_criticos_F12_05_impresion_20251222162703.png
Chrome ejecutßndose en modo HEADLESS
dic. 22, 2025 4:27:05 P.áM. 
org.openqa.selenium.devtools.CdpVersionFinder findNearestMatch
WARNING: Unable to find CDP implementation matching 143
dic. 22, 2025 4:27:05 P.áM. 
org.openqa.selenium.chromium.ChromiumDriver lambda$new$5
WARNING: Unable to find version of CDP to use for 
143.0.7499.169. You may need to include a dependency on a 
specific version of the CDP using something similar to 
`org.seleniumhq.selenium:selenium-devtools-v86:4.27.0` where 
the version ("v86") matches the version of the chromium-based 
browser you're using and the version number of the artifact is 
the same as Selenium's.
Screenshot guardado en: C:\\Users\\Usuario\\Desktop\\Capturas\\\flujos_criticos_F12_02_exportacion_egresos_20251222162714.png
Chrome ejecutßndose en modo HEADLESS
dic. 22, 2025 4:27:15 P.áM. 
org.openqa.selenium.devtools.CdpVersionFinder findNearestMatch
WARNING: Unable to find CDP implementation matching 143
dic. 22, 2025 4:27:15 P.áM. 
org.openqa.selenium.chromium.ChromiumDriver lambda$new$5
WARNING: Unable to find version of CDP to use for 
143.0.7499.169. You may need to include a dependency on a 
specific version of the CDP using something similar to 
`org.seleniumhq.selenium:selenium-devtools-v86:4.27.0` where 
the version ("v86") matches the version of the chromium-based 
browser you're using and the version number of the artifact is 
the same as Selenium's.
Screenshot guardado en: C:\\Users\\Usuario\\Desktop\\Capturas\\\flujos_criticos_F12_08_resumen_global_20251222162724.png
Resumen Ingresos: true
Resumen Egresos: true
Balance: true
Valores: true
Chrome ejecutßndose en modo HEADLESS
dic. 22, 2025 4:27:26 P.áM. 
org.openqa.selenium.devtools.CdpVersionFinder findNearestMatch
WARNING: Unable to find CDP implementation matching 143
dic. 22, 2025 4:27:26 P.áM. 
org.openqa.selenium.chromium.ChromiumDriver lambda$new$5
WARNING: Unable to find version of CDP to use for 
143.0.7499.169. You may need to include a dependency on a 
specific version of the CDP using something similar to 
`org.seleniumhq.selenium:selenium-devtools-v86:4.27.0` where 
the version ("v86") matches the version of the chromium-based 
browser you're using and the version number of the artifact is 
the same as Selenium's.
Screenshot guardado en: C:\\Users\\Usuario\\Desktop\\Capturas\\\flujos_criticos_F12_06_datos_empresas_20251222162735.png
Chrome ejecutßndose en modo HEADLESS
dic. 22, 2025 4:27:36 P.áM. 
org.openqa.selenium.devtools.CdpVersionFinder findNearestMatch
WARNING: Unable to find CDP implementation matching 143
dic. 22, 2025 4:27:36 P.áM. 
org.openqa.selenium.chromium.ChromiumDriver lambda$new$5
WARNING: Unable to find version of CDP to use for 
143.0.7499.169. You may need to include a dependency on a 
specific version of the CDP using something similar to 
`org.seleniumhq.selenium:selenium-devtools-v86:4.27.0` where 
the version ("v86") matches the version of the chromium-based 
browser you're using and the version number of the artifact is 
the same as Selenium's.
Screenshot guardado en: C:\\Users\\Usuario\\Desktop\\Capturas\\\flujos_criticos_F12_03_seccion_informes_20251222162742.png
[INFO] Tests run: 8, Failures: 0, Errors: 0, Skipped: 0, Time elapsed: 80.36 s -- in automation.flujoscriticos.F12_ExportacionInformesTest
[INFO] Running automation.flujoscriticos.F1_GestionPlanillaIngresosTest
Chrome ejecutßndose en modo HEADLESS
dic. 22, 2025 4:27:43 P.áM. 
org.openqa.selenium.devtools.CdpVersionFinder findNearestMatch
WARNING: Unable to find CDP implementation matching 143
dic. 22, 2025 4:27:43 P.áM. 
org.openqa.selenium.chromium.ChromiumDriver lambda$new$5
WARNING: Unable to find version of CDP to use for 
143.0.7499.169. You may need to include a dependency on a 
specific version of the CDP using something similar to 
`org.seleniumhq.selenium:selenium-devtools-v86:4.27.0` where 
the version ("v86") matches the version of the chromium-based 
browser you're using and the version number of the artifact is 
the same as Selenium's.
Chrome ejecutßndose en modo HEADLESS
dic. 22, 2025 4:27:51 P.áM. 
org.openqa.selenium.devtools.CdpVersionFinder findNearestMatch
WARNING: Unable to find CDP implementation matching 143
dic. 22, 2025 4:27:51 P.áM. 
org.openqa.selenium.chromium.ChromiumDriver lambda$new$5
WARNING: Unable to find version of CDP to use for 
143.0.7499.169. You may need to include a dependency on a 
specific version of the CDP using something similar to 
`org.seleniumhq.selenium:selenium-devtools-v86:4.27.0` where 
the version ("v86") matches the version of the chromium-based 
browser you're using and the version number of the artifact is 
the same as Selenium's.
Screenshot guardado en: C:\\Users\\Usuario\\Desktop\\Capturas\\\flujos_criticos_F1_01_administracion_20251222162757.png
Screenshot guardado en: C:\\Users\\Usuario\\Desktop\\Capturas\\\flujos_criticos_F1_02_ingresos_20251222162759.png
Chrome ejecutßndose en modo HEADLESS
dic. 22, 2025 4:28:02 P.áM. 
org.openqa.selenium.devtools.CdpVersionFinder findNearestMatch
WARNING: Unable to find CDP implementation matching 143
dic. 22, 2025 4:28:02 P.áM. 
org.openqa.selenium.chromium.ChromiumDriver lambda$new$5
WARNING: Unable to find version of CDP to use for 
143.0.7499.169. You may need to include a dependency on a 
specific version of the CDP using something similar to 
`org.seleniumhq.selenium:selenium-devtools-v86:4.27.0` where 
the version ("v86") matches the version of the chromium-based 
browser you're using and the version number of the artifact is 
the same as Selenium's.
Chrome ejecutßndose en modo HEADLESS
dic. 22, 2025 4:28:10 P.áM. 
org.openqa.selenium.devtools.CdpVersionFinder findNearestMatch
WARNING: Unable to find CDP implementation matching 143
dic. 22, 2025 4:28:10 P.áM. 
org.openqa.selenium.chromium.ChromiumDriver lambda$new$5
WARNING: Unable to find version of CDP to use for 
143.0.7499.169. You may need to include a dependency on a 
specific version of the CDP using something similar to 
`org.seleniumhq.selenium:selenium-devtools-v86:4.27.0` where 
the version ("v86") matches the version of the chromium-based 
browser you're using and the version number of the artifact is 
the same as Selenium's.
Screenshot guardado en: C:\\Users\\Usuario\\Desktop\\Capturas\\\flujos_criticos_F1_07_validacion_negativos_20251222162818.png
Chrome ejecutßndose en modo HEADLESS
dic. 22, 2025 4:28:19 P.áM. 
org.openqa.selenium.devtools.CdpVersionFinder findNearestMatch
WARNING: Unable to find CDP implementation matching 143
dic. 22, 2025 4:28:19 P.áM. 
org.openqa.selenium.chromium.ChromiumDriver lambda$new$5
WARNING: Unable to find version of CDP to use for 
143.0.7499.169. You may need to include a dependency on a 
specific version of the CDP using something similar to 
`org.seleniumhq.selenium:selenium-devtools-v86:4.27.0` where 
the version ("v86") matches the version of the chromium-based 
browser you're using and the version number of the artifact is 
the same as Selenium's.
Screenshot guardado en: C:\\Users\\Usuario\\Desktop\\Capturas\\\flujos_criticos_F1_06_navegacion_ingresos_20251222162827.png
[ERROR] Tests run: 5, Failures: 1, Errors: 0, Skipped: 0, Time elapsed: 44.96 s <<< FAILURE! -- in automation.flujoscriticos.F1_GestionPlanillaIngresosTest
[ERROR] automation.flujoscriticos.F1_GestionPlanillaIngresosTest.flujoCompletoPlanillaIngresos -- Time elapsed: 10.50 s <<< FAILURE!
java.lang.AssertionError: DeberÝa haber al menos una planilla de ingresos
	at org.junit.Assert.fail(Assert.java:89)
	at org.junit.Assert.assertTrue(Assert.java:42)
	at automation.flujoscriticos.F1_GestionPlanillaIngresosTest.flujoCompletoPlanillaIngresos(F1_GestionPlanillaIngresosTest.java:57)
	at java.base/java.lang.reflect.Method.invoke(Method.java:565)

[INFO] Running automation.flujoscriticos.F2_GestionPlanillaEgresosTest
Chrome ejecutßndose en modo HEADLESS
dic. 22, 2025 4:28:28 P.áM. 
org.openqa.selenium.devtools.CdpVersionFinder findNearestMatch
WARNING: Unable to find CDP implementation matching 143
dic. 22, 2025 4:28:28 P.áM. 
org.openqa.selenium.chromium.ChromiumDriver lambda$new$5
WARNING: Unable to find version of CDP to use for 
143.0.7499.169. You may need to include a dependency on a 
specific version of the CDP using something similar to 
`org.seleniumhq.selenium:selenium-devtools-v86:4.27.0` where 
the version ("v86") matches the version of the chromium-based 
browser you're using and the version number of the artifact is 
the same as Selenium's.
Screenshot guardado en: C:\\Users\\Usuario\\Desktop\\Capturas\\\flujos_criticos_F2_07_totales_egresos_20251222162837.png
Chrome ejecutßndose en modo HEADLESS
dic. 22, 2025 4:28:38 P.áM. 
org.openqa.selenium.devtools.CdpVersionFinder findNearestMatch
WARNING: Unable to find CDP implementation matching 143
dic. 22, 2025 4:28:38 P.áM. 
org.openqa.selenium.chromium.ChromiumDriver lambda$new$5
WARNING: Unable to find version of CDP to use for 
143.0.7499.169. You may need to include a dependency on a 
specific version of the CDP using something similar to 
`org.seleniumhq.selenium:selenium-devtools-v86:4.27.0` where 
the version ("v86") matches the version of the chromium-based 
browser you're using and the version number of the artifact is 
the same as Selenium's.
Screenshot guardado en: C:\\Users\\Usuario\\Desktop\\Capturas\\\flujos_criticos_F2_09_validacion_empresa_20251222162846.png
Chrome ejecutßndose en modo HEADLESS
dic. 22, 2025 4:28:47 P.áM. 
org.openqa.selenium.devtools.CdpVersionFinder findNearestMatch
WARNING: Unable to find CDP implementation matching 143
dic. 22, 2025 4:28:47 P.áM. 
org.openqa.selenium.chromium.ChromiumDriver lambda$new$5
WARNING: Unable to find version of CDP to use for 
143.0.7499.169. You may need to include a dependency on a 
specific version of the CDP using something similar to 
`org.seleniumhq.selenium:selenium-devtools-v86:4.27.0` where 
the version ("v86") matches the version of the chromium-based 
browser you're using and the version number of the artifact is 
the same as Selenium's.
Screenshot guardado en: C:\\Users\\Usuario\\Desktop\\Capturas\\\flujos_criticos_F2_08_navegacion_egresos_20251222162855.png
Chrome ejecutßndose en modo HEADLESS
dic. 22, 2025 4:28:56 P.áM. 
org.openqa.selenium.devtools.CdpVersionFinder findNearestMatch
WARNING: Unable to find CDP implementation matching 143
dic. 22, 2025 4:28:56 P.áM. 
org.openqa.selenium.chromium.ChromiumDriver lambda$new$5
WARNING: Unable to find version of CDP to use for 
143.0.7499.169. You may need to include a dependency on a 
specific version of the CDP using something similar to 
`org.seleniumhq.selenium:selenium-devtools-v86:4.27.0` where 
the version ("v86") matches the version of the chromium-based 
browser you're using and the version number of the artifact is 
the same as Selenium's.
Screenshot guardado en: C:\\Users\\Usuario\\Desktop\\Capturas\\\flujos_criticos_F2_06_boton_crear_20251222162905.png
Chrome ejecutßndose en modo HEADLESS
dic. 22, 2025 4:29:06 P.áM. 
org.openqa.selenium.devtools.CdpVersionFinder findNearestMatch
WARNING: Unable to find CDP implementation matching 143
dic. 22, 2025 4:29:06 P.áM. 
org.openqa.selenium.chromium.ChromiumDriver lambda$new$5
WARNING: Unable to find version of CDP to use for 
143.0.7499.169. You may need to include a dependency on a 
specific version of the CDP using something similar to 
`org.seleniumhq.selenium:selenium-devtools-v86:4.27.0` where 
the version ("v86") matches the version of the chromium-based 
browser you're using and the version number of the artifact is 
the same as Selenium's.
Screenshot guardado en: C:\\Users\\Usuario\\Desktop\\Capturas\\\flujos_criticos_F2_01_administracion_20251222162912.png
Screenshot guardado en: C:\\Users\\Usuario\\Desktop\\Capturas\\\flujos_criticos_F2_02_egresos_20251222162914.png
Screenshot guardado en: C:\\Users\\Usuario\\Desktop\\Capturas\\\flujos_criticos_F2_03_listado_egresos_20251222162916.png
Chrome ejecutßndose en modo HEADLESS
dic. 22, 2025 4:29:17 P.áM. 
org.openqa.selenium.devtools.CdpVersionFinder findNearestMatch
WARNING: Unable to find CDP implementation matching 143
dic. 22, 2025 4:29:17 P.áM. 
org.openqa.selenium.chromium.ChromiumDriver lambda$new$5
WARNING: Unable to find version of CDP to use for 
143.0.7499.169. You may need to include a dependency on a 
specific version of the CDP using something similar to 
`org.seleniumhq.selenium:selenium-devtools-v86:4.27.0` where 
the version ("v86") matches the version of the chromium-based 
browser you're using and the version number of the artifact is 
the same as Selenium's.
Screenshot guardado en: C:\\Users\\Usuario\\Desktop\\Capturas\\\flujos_criticos_F2_04_categorias_admin_20251222162925.png
[INFO] Tests run: 6, Failures: 0, Errors: 0, Skipped: 0, Time elapsed: 57.97 s -- in automation.flujoscriticos.F2_GestionPlanillaEgresosTest
[INFO] Running automation.flujoscriticos.F3_CalculosAutomaticosTest
Chrome ejecutßndose en modo HEADLESS
dic. 22, 2025 4:29:26 P.áM. 
org.openqa.selenium.devtools.CdpVersionFinder findNearestMatch
WARNING: Unable to find CDP implementation matching 143
dic. 22, 2025 4:29:26 P.áM. 
org.openqa.selenium.chromium.ChromiumDriver lambda$new$5
WARNING: Unable to find version of CDP to use for 
143.0.7499.169. You may need to include a dependency on a 
specific version of the CDP using something similar to 
`org.seleniumhq.selenium:selenium-devtools-v86:4.27.0` where 
the version ("v86") matches the version of the chromium-based 
browser you're using and the version number of the artifact is 
the same as Selenium's.
Chrome ejecutßndose en modo HEADLESS
dic. 22, 2025 4:29:35 P.áM. 
org.openqa.selenium.devtools.CdpVersionFinder findNearestMatch
WARNING: Unable to find CDP implementation matching 143
dic. 22, 2025 4:29:35 P.áM. 
org.openqa.selenium.chromium.ChromiumDriver lambda$new$5
WARNING: Unable to find version of CDP to use for 
143.0.7499.169. You may need to include a dependency on a 
specific version of the CDP using something similar to 
`org.seleniumhq.selenium:selenium-devtools-v86:4.27.0` where 
the version ("v86") matches the version of the chromium-based 
browser you're using and the version number of the artifact is 
the same as Selenium's.
Chrome ejecutßndose en modo HEADLESS
dic. 22, 2025 4:29:43 P.áM. 
org.openqa.selenium.devtools.CdpVersionFinder findNearestMatch
WARNING: Unable to find CDP implementation matching 143
dic. 22, 2025 4:29:43 P.áM. 
org.openqa.selenium.chromium.ChromiumDriver lambda$new$5
WARNING: Unable to find version of CDP to use for 
143.0.7499.169. You may need to include a dependency on a 
specific version of the CDP using something similar to 
`org.seleniumhq.selenium:selenium-devtools-v86:4.27.0` where 
the version ("v86") matches the version of the chromium-based 
browser you're using and the version number of the artifact is 
the same as Selenium's.
Screenshot guardado en: C:\\Users\\Usuario\\Desktop\\Capturas\\\flujos_criticos_F3_06_balance_general_20251222162951.png
Chrome ejecutßndose en modo HEADLESS
dic. 22, 2025 4:29:52 P.áM. 
org.openqa.selenium.devtools.CdpVersionFinder findNearestMatch
WARNING: Unable to find CDP implementation matching 143
dic. 22, 2025 4:29:52 P.áM. 
org.openqa.selenium.chromium.ChromiumDriver lambda$new$5
WARNING: Unable to find version of CDP to use for 
143.0.7499.169. You may need to include a dependency on a 
specific version of the CDP using something similar to 
`org.seleniumhq.selenium:selenium-devtools-v86:4.27.0` where 
the version ("v86") matches the version of the chromium-based 
browser you're using and the version number of the artifact is 
the same as Selenium's.
? Parseo de valores monetarios funciona correctamente
Chrome ejecutßndose en modo HEADLESS
dic. 22, 2025 4:29:57 P.áM. 
org.openqa.selenium.devtools.CdpVersionFinder findNearestMatch
WARNING: Unable to find CDP implementation matching 143
dic. 22, 2025 4:29:57 P.áM. 
org.openqa.selenium.chromium.ChromiumDriver lambda$new$5
WARNING: Unable to find version of CDP to use for 
143.0.7499.169. You may need to include a dependency on a 
specific version of the CDP using something similar to 
`org.seleniumhq.selenium:selenium-devtools-v86:4.27.0` where 
the version ("v86") matches the version of the chromium-based 
browser you're using and the version number of the artifact is 
the same as Selenium's.
Chrome ejecutßndose en modo HEADLESS
dic. 22, 2025 4:30:06 P.áM. 
org.openqa.selenium.devtools.CdpVersionFinder findNearestMatch
WARNING: Unable to find CDP implementation matching 143
dic. 22, 2025 4:30:06 P.áM. 
org.openqa.selenium.chromium.ChromiumDriver lambda$new$5
WARNING: Unable to find version of CDP to use for 
143.0.7499.169. You may need to include a dependency on a 
specific version of the CDP using something similar to 
`org.seleniumhq.selenium:selenium-devtools-v86:4.27.0` where 
the version ("v86") matches the version of the chromium-based 
browser you're using and the version number of the artifact is 
the same as Selenium's.
Screenshot guardado en: C:\\Users\\Usuario\\Desktop\\Capturas\\\flujos_criticos_F3_02_vista_totales_20251222163013.png
Chrome ejecutßndose en modo HEADLESS
dic. 22, 2025 4:30:15 P.áM. 
org.openqa.selenium.devtools.CdpVersionFinder findNearestMatch
WARNING: Unable to find CDP implementation matching 143
dic. 22, 2025 4:30:15 P.áM. 
org.openqa.selenium.chromium.ChromiumDriver lambda$new$5
WARNING: Unable to find version of CDP to use for 
143.0.7499.169. You may need to include a dependency on a 
specific version of the CDP using something similar to 
`org.seleniumhq.selenium:selenium-devtools-v86:4.27.0` where 
the version ("v86") matches the version of the chromium-based 
browser you're using and the version number of the artifact is 
the same as Selenium's.
Screenshot guardado en: C:\\Users\\Usuario\\Desktop\\Capturas\\\flujos_criticos_F3_03_total_general_20251222163022.png
Ingresos encontrados: 
Egresos encontrados: 
[INFO] Tests run: 7, Failures: 0, Errors: 0, Skipped: 0, Time elapsed: 77.47 s -- in automation.flujoscriticos.F3_CalculosAutomaticosTest
[INFO] Running automation.flujoscriticos.F4_SaldoEmpresaConsolidacionTest
Chrome ejecutßndose en modo HEADLESS
dic. 22, 2025 4:30:43 P.áM. 
org.openqa.selenium.devtools.CdpVersionFinder findNearestMatch
WARNING: Unable to find CDP implementation matching 143
dic. 22, 2025 4:30:43 P.áM. 
org.openqa.selenium.chromium.ChromiumDriver lambda$new$5
WARNING: Unable to find version of CDP to use for 
143.0.7499.169. You may need to include a dependency on a 
specific version of the CDP using something similar to 
`org.seleniumhq.selenium:selenium-devtools-v86:4.27.0` where 
the version ("v86") matches the version of the chromium-based 
browser you're using and the version number of the artifact is 
the same as Selenium's.
Screenshot guardado en: C:\\Users\\Usuario\\Desktop\\Capturas\\\flujos_criticos_F4_04_separacion_ingresos_egresos_20251222163052.png
Tiene secci¾n de ingresos: true
Tiene secci¾n de egresos: true
Chrome ejecutßndose en modo HEADLESS
dic. 22, 2025 4:30:53 P.áM. 
org.openqa.selenium.devtools.CdpVersionFinder findNearestMatch
WARNING: Unable to find CDP implementation matching 143
dic. 22, 2025 4:30:53 P.áM. 
org.openqa.selenium.chromium.ChromiumDriver lambda$new$5
WARNING: Unable to find version of CDP to use for 
143.0.7499.169. You may need to include a dependency on a 
specific version of the CDP using something similar to 
`org.seleniumhq.selenium:selenium-devtools-v86:4.27.0` where 
the version ("v86") matches the version of the chromium-based 
browser you're using and the version number of the artifact is 
the same as Selenium's.
Screenshot guardado en: C:\\Users\\Usuario\\Desktop\\Capturas\\\flujos_criticos_F4_07_en_detalle_20251222163103.png
Screenshot guardado en: C:\\Users\\Usuario\\Desktop\\Capturas\\\flujos_criticos_F4_08_despues_volver_20251222163104.png
Chrome ejecutßndose en modo HEADLESS
dic. 22, 2025 4:31:06 P.áM. 
org.openqa.selenium.devtools.CdpVersionFinder findNearestMatch
WARNING: Unable to find CDP implementation matching 143
dic. 22, 2025 4:31:06 P.áM. 
org.openqa.selenium.chromium.ChromiumDriver lambda$new$5
WARNING: Unable to find version of CDP to use for 
143.0.7499.169. You may need to include a dependency on a 
specific version of the CDP using something similar to 
`org.seleniumhq.selenium:selenium-devtools-v86:4.27.0` where 
the version ("v86") matches the version of the chromium-based 
browser you're using and the version number of the artifact is 
the same as Selenium's.
Screenshot guardado en: C:\\Users\\Usuario\\Desktop\\Capturas\\\flujos_criticos_F4_01_seccion_empresas_20251222163113.png
Screenshot guardado en: C:\\Users\\Usuario\\Desktop\\Capturas\\\flujos_criticos_F4_02_detalle_empresa_20251222163115.png
Chrome ejecutßndose en modo HEADLESS
dic. 22, 2025 4:31:16 P.áM. 
org.openqa.selenium.devtools.CdpVersionFinder findNearestMatch
WARNING: Unable to find CDP implementation matching 143
dic. 22, 2025 4:31:16 P.áM. 
org.openqa.selenium.chromium.ChromiumDriver lambda$new$5
WARNING: Unable to find version of CDP to use for 
143.0.7499.169. You may need to include a dependency on a 
specific version of the CDP using something similar to 
`org.seleniumhq.selenium:selenium-devtools-v86:4.27.0` where 
the version ("v86") matches the version of the chromium-based 
browser you're using and the version number of the artifact is 
the same as Selenium's.
Screenshot guardado en: C:\\Users\\Usuario\\Desktop\\Capturas\\\flujos_criticos_F4_06_listado_empresas_20251222163124.png
Chrome ejecutßndose en modo HEADLESS
dic. 22, 2025 4:31:25 P.áM. 
org.openqa.selenium.devtools.CdpVersionFinder findNearestMatch
WARNING: Unable to find CDP implementation matching 143
dic. 22, 2025 4:31:25 P.áM. 
org.openqa.selenium.chromium.ChromiumDriver lambda$new$5
WARNING: Unable to find version of CDP to use for 
143.0.7499.169. You may need to include a dependency on a 
specific version of the CDP using something similar to 
`org.seleniumhq.selenium:selenium-devtools-v86:4.27.0` where 
the version ("v86") matches the version of the chromium-based 
browser you're using and the version number of the artifact is 
the same as Selenium's.
Screenshot guardado en: C:\\Users\\Usuario\\Desktop\\Capturas\\\flujos_criticos_F4_03_filas_empresa_20251222163134.png
Filas encontradas para la empresa: 50
Chrome ejecutßndose en modo HEADLESS
dic. 22, 2025 4:31:36 P.áM. 
org.openqa.selenium.devtools.CdpVersionFinder findNearestMatch
WARNING: Unable to find CDP implementation matching 143
dic. 22, 2025 4:31:36 P.áM. 
org.openqa.selenium.chromium.ChromiumDriver lambda$new$5
WARNING: Unable to find version of CDP to use for 
143.0.7499.169. You may need to include a dependency on a 
specific version of the CDP using something similar to 
`org.seleniumhq.selenium:selenium-devtools-v86:4.27.0` where 
the version ("v86") matches the version of the chromium-based 
browser you're using and the version number of the artifact is 
the same as Selenium's.
Screenshot guardado en: C:\\Users\\Usuario\\Desktop\\Capturas\\\flujos_criticos_F4_05_saldo_total_20251222163145.png
Chrome ejecutßndose en modo HEADLESS
dic. 22, 2025 4:31:46 P.áM. 
org.openqa.selenium.devtools.CdpVersionFinder findNearestMatch
WARNING: Unable to find CDP implementation matching 143
dic. 22, 2025 4:31:46 P.áM. 
org.openqa.selenium.chromium.ChromiumDriver lambda$new$5
WARNING: Unable to find version of CDP to use for 
143.0.7499.169. You may need to include a dependency on a 
specific version of the CDP using something similar to 
`org.seleniumhq.selenium:selenium-devtools-v86:4.27.0` where 
the version ("v86") matches the version of the chromium-based 
browser you're using and the version number of the artifact is 
the same as Selenium's.
Screenshot guardado en: C:\\Users\\Usuario\\Desktop\\Capturas\\\flujos_criticos_F4_09_nombres_planillas_20251222163156.png
Se muestran nombres de planillas: false
[INFO] Tests run: 7, Failures: 0, Errors: 0, Skipped: 0, Time elapsed: 73.81 s -- in automation.flujoscriticos.F4_SaldoEmpresaConsolidacionTest
[INFO] Running automation.flujoscriticos.F5_GestionEmpresasTest
Chrome ejecutßndose en modo HEADLESS
dic. 22, 2025 4:31:57 P.áM. 
org.openqa.selenium.devtools.CdpVersionFinder findNearestMatch
WARNING: Unable to find CDP implementation matching 143
dic. 22, 2025 4:31:57 P.áM. 
org.openqa.selenium.chromium.ChromiumDriver lambda$new$5
WARNING: Unable to find version of CDP to use for 
143.0.7499.169. You may need to include a dependency on a 
specific version of the CDP using something similar to 
`org.seleniumhq.selenium:selenium-devtools-v86:4.27.0` where 
the version ("v86") matches the version of the chromium-based 
browser you're using and the version number of the artifact is 
the same as Selenium's.
Screenshot guardado en: C:\\Users\\Usuario\\Desktop\\Capturas\\\flujos_criticos_F5_02_listado_empresas_20251222163205.png
Empresas encontradas: 78
Chrome ejecutßndose en modo HEADLESS
dic. 22, 2025 4:32:06 P.áM. 
org.openqa.selenium.devtools.CdpVersionFinder findNearestMatch
WARNING: Unable to find CDP implementation matching 143
dic. 22, 2025 4:32:06 P.áM. 
org.openqa.selenium.chromium.ChromiumDriver lambda$new$5
WARNING: Unable to find version of CDP to use for 
143.0.7499.169. You may need to include a dependency on a 
specific version of the CDP using something similar to 
`org.seleniumhq.selenium:selenium-devtools-v86:4.27.0` where 
the version ("v86") matches the version of the chromium-based 
browser you're using and the version number of the artifact is 
the same as Selenium's.
Screenshot guardado en: C:\\Users\\Usuario\\Desktop\\Capturas\\\flujos_criticos_F5_05_nombres_empresas_20251222163214.png
Nombre de empresa encontrado: ana@agraria.com
Chrome ejecutßndose en modo HEADLESS
dic. 22, 2025 4:32:15 P.áM. 
org.openqa.selenium.devtools.CdpVersionFinder findNearestMatch
WARNING: Unable to find CDP implementation matching 143
dic. 22, 2025 4:32:15 P.áM. 
org.openqa.selenium.chromium.ChromiumDriver lambda$new$5
WARNING: Unable to find version of CDP to use for 
143.0.7499.169. You may need to include a dependency on a 
specific version of the CDP using something similar to 
`org.seleniumhq.selenium:selenium-devtools-v86:4.27.0` where 
the version ("v86") matches the version of the chromium-based 
browser you're using and the version number of the artifact is 
the same as Selenium's.
Screenshot guardado en: C:\\Users\\Usuario\\Desktop\\Capturas\\\flujos_criticos_F5_04_detalle_empresa_20251222163224.png
Chrome ejecutßndose en modo HEADLESS
dic. 22, 2025 4:32:26 P.áM. 
org.openqa.selenium.devtools.CdpVersionFinder findNearestMatch
WARNING: Unable to find CDP implementation matching 143
dic. 22, 2025 4:32:26 P.áM. 
org.openqa.selenium.chromium.ChromiumDriver lambda$new$5
WARNING: Unable to find version of CDP to use for 
143.0.7499.169. You may need to include a dependency on a 
specific version of the CDP using something similar to 
`org.seleniumhq.selenium:selenium-devtools-v86:4.27.0` where 
the version ("v86") matches the version of the chromium-based 
browser you're using and the version number of the artifact is 
the same as Selenium's.
Screenshot guardado en: C:\\Users\\Usuario\\Desktop\\Capturas\\\flujos_criticos_F5_01_seccion_empresas_20251222163233.png
Chrome ejecutßndose en modo HEADLESS
dic. 22, 2025 4:32:34 P.áM. 
org.openqa.selenium.devtools.CdpVersionFinder findNearestMatch
WARNING: Unable to find CDP implementation matching 143
dic. 22, 2025 4:32:34 P.áM. 
org.openqa.selenium.chromium.ChromiumDriver lambda$new$5
WARNING: Unable to find version of CDP to use for 
143.0.7499.169. You may need to include a dependency on a 
specific version of the CDP using something similar to 
`org.seleniumhq.selenium:selenium-devtools-v86:4.27.0` where 
the version ("v86") matches the version of the chromium-based 
browser you're using and the version number of the artifact is 
the same as Selenium's.
Screenshot guardado en: C:\\Users\\Usuario\\Desktop\\Capturas\\\flujos_criticos_F5_06_acceso_edicion_20251222163243.png
Chrome ejecutßndose en modo HEADLESS
dic. 22, 2025 4:32:45 P.áM. 
org.openqa.selenium.devtools.CdpVersionFinder findNearestMatch
WARNING: Unable to find CDP implementation matching 143
dic. 22, 2025 4:32:45 P.áM. 
org.openqa.selenium.chromium.ChromiumDriver lambda$new$5
WARNING: Unable to find version of CDP to use for 
143.0.7499.169. You may need to include a dependency on a 
specific version of the CDP using something similar to 
`org.seleniumhq.selenium:selenium-devtools-v86:4.27.0` where 
the version ("v86") matches the version of the chromium-based 
browser you're using and the version number of the artifact is 
the same as Selenium's.
Screenshot guardado en: C:\\Users\\Usuario\\Desktop\\Capturas\\\flujos_criticos_F5_07_acceso_admin_20251222163252.png
Chrome ejecutßndose en modo HEADLESS
dic. 22, 2025 4:32:53 P.áM. 
org.openqa.selenium.devtools.CdpVersionFinder findNearestMatch
WARNING: Unable to find CDP implementation matching 143
dic. 22, 2025 4:32:53 P.áM. 
org.openqa.selenium.chromium.ChromiumDriver lambda$new$5
WARNING: Unable to find version of CDP to use for 
143.0.7499.169. You may need to include a dependency on a 
specific version of the CDP using something similar to 
`org.seleniumhq.selenium:selenium-devtools-v86:4.27.0` where 
the version ("v86") matches the version of the chromium-based 
browser you're using and the version number of the artifact is 
the same as Selenium's.
Screenshot guardado en: C:\\Users\\Usuario\\Desktop\\Capturas\\\flujos_criticos_F5_03_boton_crear_empresa_20251222163301.png
[INFO] Tests run: 7, Failures: 0, Errors: 0, Skipped: 0, Time elapsed: 64.71 s -- in automation.flujoscriticos.F5_GestionEmpresasTest
[INFO] Running automation.flujoscriticos.F6_GestionAniosFiscalesTest
Chrome ejecutßndose en modo HEADLESS
dic. 22, 2025 4:33:02 P.áM. 
org.openqa.selenium.devtools.CdpVersionFinder findNearestMatch
WARNING: Unable to find CDP implementation matching 143
dic. 22, 2025 4:33:02 P.áM. 
org.openqa.selenium.chromium.ChromiumDriver lambda$new$5
WARNING: Unable to find version of CDP to use for 
143.0.7499.169. You may need to include a dependency on a 
specific version of the CDP using something similar to 
`org.seleniumhq.selenium:selenium-devtools-v86:4.27.0` where 
the version ("v86") matches the version of the chromium-based 
browser you're using and the version number of the artifact is 
the same as Selenium's.
Screenshot guardado en: C:\\Users\\Usuario\\Desktop\\Capturas\\\flujos_criticos_F6_09_ingresos_20251222163311.png
Screenshot guardado en: C:\\Users\\Usuario\\Desktop\\Capturas\\\flujos_criticos_F6_10_egresos_20251222163314.png
Screenshot guardado en: C:\\Users\\Usuario\\Desktop\\Capturas\\\flujos_criticos_F6_11_volver_ingresos_20251222163317.png
Chrome ejecutßndose en modo HEADLESS
dic. 22, 2025 4:33:18 P.áM. 
org.openqa.selenium.devtools.CdpVersionFinder findNearestMatch
WARNING: Unable to find CDP implementation matching 143
dic. 22, 2025 4:33:18 P.áM. 
org.openqa.selenium.chromium.ChromiumDriver lambda$new$5
WARNING: Unable to find version of CDP to use for 
143.0.7499.169. You may need to include a dependency on a 
specific version of the CDP using something similar to 
`org.seleniumhq.selenium:selenium-devtools-v86:4.27.0` where 
the version ("v86") matches the version of the chromium-based 
browser you're using and the version number of the artifact is 
the same as Selenium's.
Screenshot guardado en: C:\\Users\\Usuario\\Desktop\\Capturas\\\flujos_criticos_F6_03_listado_anios_20251222163326.png
A±os encontrados: 1
Chrome ejecutßndose en modo HEADLESS
dic. 22, 2025 4:33:28 P.áM. 
org.openqa.selenium.devtools.CdpVersionFinder findNearestMatch
WARNING: Unable to find CDP implementation matching 143
dic. 22, 2025 4:33:28 P.áM. 
org.openqa.selenium.chromium.ChromiumDriver lambda$new$5
WARNING: Unable to find version of CDP to use for 
143.0.7499.169. You may need to include a dependency on a 
specific version of the CDP using something similar to 
`org.seleniumhq.selenium:selenium-devtools-v86:4.27.0` where 
the version ("v86") matches the version of the chromium-based 
browser you're using and the version number of the artifact is 
the same as Selenium's.
Screenshot guardado en: C:\\Users\\Usuario\\Desktop\\Capturas\\\flujos_criticos_F6_01_administracion_20251222163336.png
Screenshot guardado en: C:\\Users\\Usuario\\Desktop\\Capturas\\\flujos_criticos_F6_02_seccion_anios_20251222163337.png
Chrome ejecutßndose en modo HEADLESS
dic. 22, 2025 4:33:39 P.áM. 
org.openqa.selenium.devtools.CdpVersionFinder findNearestMatch
WARNING: Unable to find CDP implementation matching 143
dic. 22, 2025 4:33:39 P.áM. 
org.openqa.selenium.chromium.ChromiumDriver lambda$new$5
WARNING: Unable to find version of CDP to use for 
143.0.7499.169. You may need to include a dependency on a 
specific version of the CDP using something similar to 
`org.seleniumhq.selenium:selenium-devtools-v86:4.27.0` where 
the version ("v86") matches the version of the chromium-based 
browser you're using and the version number of the artifact is 
the same as Selenium's.
Screenshot guardado en: C:\\Users\\Usuario\\Desktop\\Capturas\\\flujos_criticos_F6_08_datos_por_anio_20251222163348.png
Elementos de datos encontrados: 0
Chrome ejecutßndose en modo HEADLESS
dic. 22, 2025 4:33:49 P.áM. 
org.openqa.selenium.devtools.CdpVersionFinder findNearestMatch
WARNING: Unable to find CDP implementation matching 143
dic. 22, 2025 4:33:49 P.áM. 
org.openqa.selenium.chromium.ChromiumDriver lambda$new$5
WARNING: Unable to find version of CDP to use for 
143.0.7499.169. You may need to include a dependency on a 
specific version of the CDP using something similar to 
`org.seleniumhq.selenium:selenium-devtools-v86:4.27.0` where 
the version ("v86") matches the version of the chromium-based 
browser you're using and the version number of the artifact is 
the same as Selenium's.
Screenshot guardado en: C:\\Users\\Usuario\\Desktop\\Capturas\\\flujos_criticos_F6_06_contexto_anio_inicial_20251222163358.png
Chrome ejecutßndose en modo HEADLESS
dic. 22, 2025 4:33:59 P.áM. 
org.openqa.selenium.devtools.CdpVersionFinder findNearestMatch
WARNING: Unable to find CDP implementation matching 143
dic. 22, 2025 4:33:59 P.áM. 
org.openqa.selenium.chromium.ChromiumDriver lambda$new$5
WARNING: Unable to find version of CDP to use for 
143.0.7499.169. You may need to include a dependency on a 
specific version of the CDP using something similar to 
`org.seleniumhq.selenium:selenium-devtools-v86:4.27.0` where 
the version ("v86") matches the version of the chromium-based 
browser you're using and the version number of the artifact is 
the same as Selenium's.
Screenshot guardado en: C:\\Users\\Usuario\\Desktop\\Capturas\\\flujos_criticos_F6_05_selector_anio_20251222163408.png
Selectores de perÝodo encontrados: 0
Chrome ejecutßndose en modo HEADLESS
dic. 22, 2025 4:34:10 P.áM. 
org.openqa.selenium.devtools.CdpVersionFinder findNearestMatch
WARNING: Unable to find CDP implementation matching 143
dic. 22, 2025 4:34:10 P.áM. 
org.openqa.selenium.chromium.ChromiumDriver lambda$new$5
WARNING: Unable to find version of CDP to use for 
143.0.7499.169. You may need to include a dependency on a 
specific version of the CDP using something similar to 
`org.seleniumhq.selenium:selenium-devtools-v86:4.27.0` where 
the version ("v86") matches the version of the chromium-based 
browser you're using and the version number of the artifact is 
the same as Selenium's.
Screenshot guardado en: C:\\Users\\Usuario\\Desktop\\Capturas\\\flujos_criticos_F6_04_opciones_crear_anio_20251222163417.png
Botones encontrados: 7
[ERROR] Tests run: 7, Failures: 1, Errors: 0, Skipped: 0, Time elapsed: 76.57 s <<< FAILURE! -- in automation.flujoscriticos.F6_GestionAniosFiscalesTest
[ERROR] automation.flujoscriticos.F6_GestionAniosFiscalesTest.verificarSelectorAnioActivo -- Time elapsed: 10.38 s <<< FAILURE!
java.lang.AssertionError: DeberÝa mostrar el a±o activo, selector de a±o, o datos del a±o
	at org.junit.Assert.fail(Assert.java:89)
	at org.junit.Assert.assertTrue(Assert.java:42)
	at automation.flujoscriticos.F6_GestionAniosFiscalesTest.verificarSelectorAnioActivo(F6_GestionAniosFiscalesTest.java:169)
	at java.base/java.lang.reflect.Method.invoke(Method.java:565)

[INFO] Running automation.flujoscriticos.F7_AutenticacionAutorizacionTest
Chrome ejecutßndose en modo HEADLESS
dic. 22, 2025 4:34:18 P.áM. 
org.openqa.selenium.devtools.CdpVersionFinder findNearestMatch
WARNING: Unable to find CDP implementation matching 143
dic. 22, 2025 4:34:18 P.áM. 
org.openqa.selenium.chromium.ChromiumDriver lambda$new$5
WARNING: Unable to find version of CDP to use for 
143.0.7499.169. You may need to include a dependency on a 
specific version of the CDP using something similar to 
`org.seleniumhq.selenium:selenium-devtools-v86:4.27.0` where 
the version ("v86") matches the version of the chromium-based 
browser you're using and the version number of the artifact is 
the same as Selenium's.
Screenshot guardado en: C:\\Users\\Usuario\\Desktop\\Capturas\\\flujos_criticos_F7_17_formulario_login_20251222163421.png
Chrome ejecutßndose en modo HEADLESS
dic. 22, 2025 4:34:22 P.áM. 
org.openqa.selenium.devtools.CdpVersionFinder findNearestMatch
WARNING: Unable to find CDP implementation matching 143
dic. 22, 2025 4:34:22 P.áM. 
org.openqa.selenium.chromium.ChromiumDriver lambda$new$5
WARNING: Unable to find version of CDP to use for 
143.0.7499.169. You may need to include a dependency on a 
specific version of the CDP using something similar to 
`org.seleniumhq.selenium:selenium-devtools-v86:4.27.0` where 
the version ("v86") matches the version of the chromium-based 
browser you're using and the version number of the artifact is 
the same as Selenium's.
Screenshot guardado en: C:\\Users\\Usuario\\Desktop\\Capturas\\\flujos_criticos_F7_09_admin_administracion_20251222163430.png
Screenshot guardado en: C:\\Users\\Usuario\\Desktop\\Capturas\\\flujos_criticos_F7_10_admin_ingresos_20251222163433.png
Screenshot guardado en: C:\\Users\\Usuario\\Desktop\\Capturas\\\flujos_criticos_F7_11_admin_egresos_20251222163436.png
Screenshot guardado en: C:\\Users\\Usuario\\Desktop\\Capturas\\\flujos_criticos_F7_12_admin_empresas_20251222163440.png
Chrome ejecutßndose en modo HEADLESS
dic. 22, 2025 4:34:41 P.áM. 
org.openqa.selenium.devtools.CdpVersionFinder findNearestMatch
WARNING: Unable to find CDP implementation matching 143
dic. 22, 2025 4:34:41 P.áM. 
org.openqa.selenium.chromium.ChromiumDriver lambda$new$5
WARNING: Unable to find version of CDP to use for 
143.0.7499.169. You may need to include a dependency on a 
specific version of the CDP using something similar to 
`org.seleniumhq.selenium:selenium-devtools-v86:4.27.0` where 
the version ("v86") matches the version of the chromium-based 
browser you're using and the version number of the artifact is 
the same as Selenium's.
Screenshot guardado en: C:\\Users\\Usuario\\Desktop\\Capturas\\\flujos_criticos_F7_03_login_incorrecto_20251222163448.png
Chrome ejecutßndose en modo HEADLESS
dic. 22, 2025 4:34:50 P.áM. 
org.openqa.selenium.devtools.CdpVersionFinder findNearestMatch
WARNING: Unable to find CDP implementation matching 143
dic. 22, 2025 4:34:50 P.áM. 
org.openqa.selenium.chromium.ChromiumDriver lambda$new$5
WARNING: Unable to find version of CDP to use for 
143.0.7499.169. You may need to include a dependency on a 
specific version of the CDP using something similar to 
`org.seleniumhq.selenium:selenium-devtools-v86:4.27.0` where 
the version ("v86") matches the version of the chromium-based 
browser you're using and the version number of the artifact is 
the same as Selenium's.
Screenshot guardado en: C:\\Users\\Usuario\\Desktop\\Capturas\\\flujos_criticos_F7_01_pagina_login_20251222163452.png
Screenshot guardado en: C:\\Users\\Usuario\\Desktop\\Capturas\\\flujos_criticos_F7_02_despues_login_20251222163457.png
Chrome ejecutßndose en modo HEADLESS
dic. 22, 2025 4:34:59 P.áM. 
org.openqa.selenium.devtools.CdpVersionFinder findNearestMatch
WARNING: Unable to find CDP implementation matching 143
dic. 22, 2025 4:34:59 P.áM. 
org.openqa.selenium.chromium.ChromiumDriver lambda$new$5
WARNING: Unable to find version of CDP to use for 
143.0.7499.169. You may need to include a dependency on a 
specific version of the CDP using something similar to 
`org.seleniumhq.selenium:selenium-devtools-v86:4.27.0` where 
the version ("v86") matches the version of the chromium-based 
browser you're using and the version number of the artifact is 
the same as Selenium's.
Screenshot guardado en: C:\\Users\\Usuario\\Desktop\\Capturas\\\flujos_criticos_F7_13_sin_autenticacion_20251222163501.png
Chrome ejecutßndose en modo HEADLESS
dic. 22, 2025 4:35:02 P.áM. 
org.openqa.selenium.devtools.CdpVersionFinder findNearestMatch
WARNING: Unable to find CDP implementation matching 143
dic. 22, 2025 4:35:02 P.áM. 
org.openqa.selenium.chromium.ChromiumDriver lambda$new$5
WARNING: Unable to find version of CDP to use for 
143.0.7499.169. You may need to include a dependency on a 
specific version of the CDP using something similar to 
`org.seleniumhq.selenium:selenium-devtools-v86:4.27.0` where 
the version ("v86") matches the version of the chromium-based 
browser you're using and the version number of the artifact is 
the same as Selenium's.
Screenshot guardado en: C:\\Users\\Usuario\\Desktop\\Capturas\\\flujos_criticos_F7_04_antes_logout_20251222163508.png
Screenshot guardado en: C:\\Users\\Usuario\\Desktop\\Capturas\\\flujos_criticos_F7_05_menu_logout_20251222163508.png
Chrome ejecutßndose en modo HEADLESS
dic. 22, 2025 4:35:09 P.áM. 
org.openqa.selenium.devtools.CdpVersionFinder findNearestMatch
WARNING: Unable to find CDP implementation matching 143
dic. 22, 2025 4:35:09 P.áM. 
org.openqa.selenium.chromium.ChromiumDriver lambda$new$5
WARNING: Unable to find version of CDP to use for 
143.0.7499.169. You may need to include a dependency on a 
specific version of the CDP using something similar to 
`org.seleniumhq.selenium:selenium-devtools-v86:4.27.0` where 
the version ("v86") matches the version of the chromium-based 
browser you're using and the version number of the artifact is 
the same as Selenium's.
Screenshot guardado en: C:\\Users\\Usuario\\Desktop\\Capturas\\\flujos_criticos_F7_07_login_usuario_normal_20251222163515.png
Screenshot guardado en: C:\\Users\\Usuario\\Desktop\\Capturas\\\flujos_criticos_F7_08_intento_admin_usuario_20251222163517.png
Chrome ejecutßndose en modo HEADLESS
dic. 22, 2025 4:35:18 P.áM. 
org.openqa.selenium.devtools.CdpVersionFinder findNearestMatch
WARNING: Unable to find CDP implementation matching 143
dic. 22, 2025 4:35:18 P.áM. 
org.openqa.selenium.chromium.ChromiumDriver lambda$new$5
WARNING: Unable to find version of CDP to use for 
143.0.7499.169. You may need to include a dependency on a 
specific version of the CDP using something similar to 
`org.seleniumhq.selenium:selenium-devtools-v86:4.27.0` where 
the version ("v86") matches the version of the chromium-based 
browser you're using and the version number of the artifact is 
the same as Selenium's.
Screenshot guardado en: C:\\Users\\Usuario\\Desktop\\Capturas\\\flujos_criticos_F7_14_sesion_ingresos_20251222163527.png
Screenshot guardado en: C:\\Users\\Usuario\\Desktop\\Capturas\\\flujos_criticos_F7_15_sesion_egresos_20251222163530.png
Screenshot guardado en: C:\\Users\\Usuario\\Desktop\\Capturas\\\flujos_criticos_F7_16_sesion_totales_20251222163533.png
[INFO] Tests run: 8, Failures: 0, Errors: 0, Skipped: 0, Time elapsed: 76.36 s -- in automation.flujoscriticos.F7_AutenticacionAutorizacionTest
[INFO] Running automation.flujoscriticos.F8_GestionUsuariosAdminTest
Chrome ejecutßndose en modo HEADLESS
dic. 22, 2025 4:35:35 P.áM. 
org.openqa.selenium.devtools.CdpVersionFinder findNearestMatch
WARNING: Unable to find CDP implementation matching 143
dic. 22, 2025 4:35:35 P.áM. 
org.openqa.selenium.chromium.ChromiumDriver lambda$new$5
WARNING: Unable to find version of CDP to use for 
143.0.7499.169. You may need to include a dependency on a 
specific version of the CDP using something similar to 
`org.seleniumhq.selenium:selenium-devtools-v86:4.27.0` where 
the version ("v86") matches the version of the chromium-based 
browser you're using and the version number of the artifact is 
the same as Selenium's.
Screenshot guardado en: C:\\Users\\Usuario\\Desktop\\Capturas\\\flujos_criticos_F8_10_admin_ve_usuarios_20251222163544.png
Chrome ejecutßndose en modo HEADLESS
dic. 22, 2025 4:35:46 P.áM. 
org.openqa.selenium.devtools.CdpVersionFinder findNearestMatch
WARNING: Unable to find CDP implementation matching 143
dic. 22, 2025 4:35:46 P.áM. 
org.openqa.selenium.chromium.ChromiumDriver lambda$new$5
WARNING: Unable to find version of CDP to use for 
143.0.7499.169. You may need to include a dependency on a 
specific version of the CDP using something similar to 
`org.seleniumhq.selenium:selenium-devtools-v86:4.27.0` where 
the version ("v86") matches the version of the chromium-based 
browser you're using and the version number of the artifact is 
the same as Selenium's.
Screenshot guardado en: C:\\Users\\Usuario\\Desktop\\Capturas\\\flujos_criticos_F8_09_info_usuarios_20251222163554.png
Tiene nombres: true
Tiene emails: true
Chrome ejecutßndose en modo HEADLESS
dic. 22, 2025 4:35:56 P.áM. 
org.openqa.selenium.devtools.CdpVersionFinder findNearestMatch
WARNING: Unable to find CDP implementation matching 143
dic. 22, 2025 4:35:56 P.áM. 
org.openqa.selenium.chromium.ChromiumDriver lambda$new$5
WARNING: Unable to find version of CDP to use for 
143.0.7499.169. You may need to include a dependency on a 
specific version of the CDP using something similar to 
`org.seleniumhq.selenium:selenium-devtools-v86:4.27.0` where 
the version ("v86") matches the version of the chromium-based 
browser you're using and the version number of the artifact is 
the same as Selenium's.
Screenshot guardado en: C:\\Users\\Usuario\\Desktop\\Capturas\\\flujos_criticos_F8_05_formulario_usuario_20251222163606.png
Chrome ejecutßndose en modo HEADLESS
dic. 22, 2025 4:36:07 P.áM. 
org.openqa.selenium.devtools.CdpVersionFinder findNearestMatch
WARNING: Unable to find CDP implementation matching 143
dic. 22, 2025 4:36:07 P.áM. 
org.openqa.selenium.chromium.ChromiumDriver lambda$new$5
WARNING: Unable to find version of CDP to use for 
143.0.7499.169. You may need to include a dependency on a 
specific version of the CDP using something similar to 
`org.seleniumhq.selenium:selenium-devtools-v86:4.27.0` where 
the version ("v86") matches the version of the chromium-based 
browser you're using and the version number of the artifact is 
the same as Selenium's.
Screenshot guardado en: C:\\Users\\Usuario\\Desktop\\Capturas\\\flujos_criticos_F8_01_administracion_20251222163615.png
Screenshot guardado en: C:\\Users\\Usuario\\Desktop\\Capturas\\\flujos_criticos_F8_02_seccion_usuarios_20251222163616.png
Chrome ejecutßndose en modo HEADLESS
dic. 22, 2025 4:36:18 P.áM. 
org.openqa.selenium.devtools.CdpVersionFinder findNearestMatch
WARNING: Unable to find CDP implementation matching 143
dic. 22, 2025 4:36:18 P.áM. 
org.openqa.selenium.chromium.ChromiumDriver lambda$new$5
WARNING: Unable to find version of CDP to use for 
143.0.7499.169. You may need to include a dependency on a 
specific version of the CDP using something similar to 
`org.seleniumhq.selenium:selenium-devtools-v86:4.27.0` where 
the version ("v86") matches the version of the chromium-based 
browser you're using and the version number of the artifact is 
the same as Selenium's.
Screenshot guardado en: C:\\Users\\Usuario\\Desktop\\Capturas\\\flujos_criticos_F8_04_boton_crear_usuario_20251222163627.png
Chrome ejecutßndose en modo HEADLESS
dic. 22, 2025 4:36:28 P.áM. 
org.openqa.selenium.devtools.CdpVersionFinder findNearestMatch
WARNING: Unable to find CDP implementation matching 143
dic. 22, 2025 4:36:28 P.áM. 
org.openqa.selenium.chromium.ChromiumDriver lambda$new$5
WARNING: Unable to find version of CDP to use for 
143.0.7499.169. You may need to include a dependency on a 
specific version of the CDP using something similar to 
`org.seleniumhq.selenium:selenium-devtools-v86:4.27.0` where 
the version ("v86") matches the version of the chromium-based 
browser you're using and the version number of the artifact is 
the same as Selenium's.
Screenshot guardado en: C:\\Users\\Usuario\\Desktop\\Capturas\\\flujos_criticos_F8_07_opciones_edicion_20251222163637.png
Chrome ejecutßndose en modo HEADLESS
dic. 22, 2025 4:36:38 P.áM. 
org.openqa.selenium.devtools.CdpVersionFinder findNearestMatch
WARNING: Unable to find CDP implementation matching 143
dic. 22, 2025 4:36:38 P.áM. 
org.openqa.selenium.chromium.ChromiumDriver lambda$new$5
WARNING: Unable to find version of CDP to use for 
143.0.7499.169. You may need to include a dependency on a 
specific version of the CDP using something similar to 
`org.seleniumhq.selenium:selenium-devtools-v86:4.27.0` where 
the version ("v86") matches the version of the chromium-based 
browser you're using and the version number of the artifact is 
the same as Selenium's.
Screenshot guardado en: C:\\Users\\Usuario\\Desktop\\Capturas\\\flujos_criticos_F8_06_opcion_admin_20251222163648.png
Chrome ejecutßndose en modo HEADLESS
dic. 22, 2025 4:36:50 P.áM. 
org.openqa.selenium.devtools.CdpVersionFinder findNearestMatch
WARNING: Unable to find CDP implementation matching 143
dic. 22, 2025 4:36:50 P.áM. 
org.openqa.selenium.chromium.ChromiumDriver lambda$new$5
WARNING: Unable to find version of CDP to use for 
143.0.7499.169. You may need to include a dependency on a 
specific version of the CDP using something similar to 
`org.seleniumhq.selenium:selenium-devtools-v86:4.27.0` where 
the version ("v86") matches the version of the chromium-based 
browser you're using and the version number of the artifact is 
the same as Selenium's.
Screenshot guardado en: C:\\Users\\Usuario\\Desktop\\Capturas\\\flujos_criticos_F8_03_listado_usuarios_20251222163659.png
Usuarios encontrados (por @): 44
Chrome ejecutßndose en modo HEADLESS
dic. 22, 2025 4:37:00 P.áM. 
org.openqa.selenium.devtools.CdpVersionFinder findNearestMatch
WARNING: Unable to find CDP implementation matching 143
dic. 22, 2025 4:37:00 P.áM. 
org.openqa.selenium.chromium.ChromiumDriver lambda$new$5
WARNING: Unable to find version of CDP to use for 
143.0.7499.169. You may need to include a dependency on a 
specific version of the CDP using something similar to 
`org.seleniumhq.selenium:selenium-devtools-v86:4.27.0` where 
the version ("v86") matches the version of the chromium-based 
browser you're using and the version number of the artifact is 
the same as Selenium's.
Screenshot guardado en: C:\\Users\\Usuario\\Desktop\\Capturas\\\flujos_criticos_F8_08_opciones_eliminar_20251222163709.png
[INFO] Tests run: 9, Failures: 0, Errors: 0, Skipped: 0, Time elapsed: 95.27 s -- in automation.flujoscriticos.F8_GestionUsuariosAdminTest
[INFO] Running automation.flujoscriticos.F9_GestionCategoriasTest
Chrome ejecutßndose en modo HEADLESS
dic. 22, 2025 4:37:10 P.áM. 
org.openqa.selenium.devtools.CdpVersionFinder findNearestMatch
WARNING: Unable to find CDP implementation matching 143
dic. 22, 2025 4:37:10 P.áM. 
org.openqa.selenium.chromium.ChromiumDriver lambda$new$5
WARNING: Unable to find version of CDP to use for 
143.0.7499.169. You may need to include a dependency on a 
specific version of the CDP using something similar to 
`org.seleniumhq.selenium:selenium-devtools-v86:4.27.0` where 
the version ("v86") matches the version of the chromium-based 
browser you're using and the version number of the artifact is 
the same as Selenium's.
Screenshot guardado en: C:\\Users\\Usuario\\Desktop\\Capturas\\\flujos_criticos_F9_08_egresos_categorias_20251222163719.png
Chrome ejecutßndose en modo HEADLESS
dic. 22, 2025 4:37:21 P.áM. 
org.openqa.selenium.devtools.CdpVersionFinder findNearestMatch
WARNING: Unable to find CDP implementation matching 143
dic. 22, 2025 4:37:21 P.áM. 
org.openqa.selenium.chromium.ChromiumDriver lambda$new$5
WARNING: Unable to find version of CDP to use for 
143.0.7499.169. You may need to include a dependency on a 
specific version of the CDP using something similar to 
`org.seleniumhq.selenium:selenium-devtools-v86:4.27.0` where 
the version ("v86") matches the version of the chromium-based 
browser you're using and the version number of the artifact is 
the same as Selenium's.
Screenshot guardado en: C:\\Users\\Usuario\\Desktop\\Capturas\\\flujos_criticos_F9_06_opciones_edicion_20251222163730.png
Chrome ejecutßndose en modo HEADLESS
dic. 22, 2025 4:37:31 P.áM. 
org.openqa.selenium.devtools.CdpVersionFinder findNearestMatch
WARNING: Unable to find CDP implementation matching 143
dic. 22, 2025 4:37:31 P.áM. 
org.openqa.selenium.chromium.ChromiumDriver lambda$new$5
WARNING: Unable to find version of CDP to use for 
143.0.7499.169. You may need to include a dependency on a 
specific version of the CDP using something similar to 
`org.seleniumhq.selenium:selenium-devtools-v86:4.27.0` where 
the version ("v86") matches the version of the chromium-based 
browser you're using and the version number of the artifact is 
the same as Selenium's.
Screenshot guardado en: C:\\Users\\Usuario\\Desktop\\Capturas\\\flujos_criticos_F9_04_boton_crear_20251222163740.png
Chrome ejecutßndose en modo HEADLESS
dic. 22, 2025 4:37:42 P.áM. 
org.openqa.selenium.devtools.CdpVersionFinder findNearestMatch
WARNING: Unable to find CDP implementation matching 143
dic. 22, 2025 4:37:42 P.áM. 
org.openqa.selenium.chromium.ChromiumDriver lambda$new$5
WARNING: Unable to find version of CDP to use for 
143.0.7499.169. You may need to include a dependency on a 
specific version of the CDP using something similar to 
`org.seleniumhq.selenium:selenium-devtools-v86:4.27.0` where 
the version ("v86") matches the version of the chromium-based 
browser you're using and the version number of the artifact is 
the same as Selenium's.
Screenshot guardado en: C:\\Users\\Usuario\\Desktop\\Capturas\\\flujos_criticos_F9_01_administracion_20251222163749.png
Screenshot guardado en: C:\\Users\\Usuario\\Desktop\\Capturas\\\flujos_criticos_F9_02_seccion_categorias_20251222163751.png
Chrome ejecutßndose en modo HEADLESS
dic. 22, 2025 4:37:52 P.áM. 
org.openqa.selenium.devtools.CdpVersionFinder findNearestMatch
WARNING: Unable to find CDP implementation matching 143
dic. 22, 2025 4:37:52 P.áM. 
org.openqa.selenium.chromium.ChromiumDriver lambda$new$5
WARNING: Unable to find version of CDP to use for 
143.0.7499.169. You may need to include a dependency on a 
specific version of the CDP using something similar to 
`org.seleniumhq.selenium:selenium-devtools-v86:4.27.0` where 
the version ("v86") matches the version of the chromium-based 
browser you're using and the version number of the artifact is 
the same as Selenium's.
Screenshot guardado en: C:\\Users\\Usuario\\Desktop\\Capturas\\\flujos_criticos_F9_03_listado_categorias_20251222163801.png
CategorÝas encontradas: 4
Chrome ejecutßndose en modo HEADLESS
dic. 22, 2025 4:38:03 P.áM. 
org.openqa.selenium.devtools.CdpVersionFinder findNearestMatch
WARNING: Unable to find CDP implementation matching 143
dic. 22, 2025 4:38:03 P.áM. 
org.openqa.selenium.chromium.ChromiumDriver lambda$new$5
WARNING: Unable to find version of CDP to use for 
143.0.7499.169. You may need to include a dependency on a 
specific version of the CDP using something similar to 
`org.seleniumhq.selenium:selenium-devtools-v86:4.27.0` where 
the version ("v86") matches the version of the chromium-based 
browser you're using and the version number of the artifact is 
the same as Selenium's.
Screenshot guardado en: C:\\Users\\Usuario\\Desktop\\Capturas\\\flujos_criticos_F9_05_info_categorias_20251222163811.png
CategorÝa encontrada: ana@agraria.com
Chrome ejecutßndose en modo HEADLESS
dic. 22, 2025 4:38:13 P.áM. 
org.openqa.selenium.devtools.CdpVersionFinder findNearestMatch
WARNING: Unable to find CDP implementation matching 143
dic. 22, 2025 4:38:13 P.áM. 
org.openqa.selenium.chromium.ChromiumDriver lambda$new$5
WARNING: Unable to find version of CDP to use for 
143.0.7499.169. You may need to include a dependency on a 
specific version of the CDP using something similar to 
`org.seleniumhq.selenium:selenium-devtools-v86:4.27.0` where 
the version ("v86") matches the version of the chromium-based 
browser you're using and the version number of the artifact is 
the same as Selenium's.
Screenshot guardado en: C:\\Users\\Usuario\\Desktop\\Capturas\\\flujos_criticos_F9_07_opciones_eliminar_20251222163822.png
[INFO] Tests run: 7, Failures: 0, Errors: 0, Skipped: 0, Time elapsed: 73.33 s -- in automation.flujoscriticos.F9_GestionCategoriasTest
[INFO] Running automation.funcionalidades.AppTest
[INFO] Tests run: 1, Failures: 0, Errors: 0, Skipped: 0, Time elapsed: 0.002 s -- in automation.funcionalidades.AppTest
[INFO] Running automation.funcionalidades.EgresosCrearEmpresaTest
Chrome ejecutßndose en modo HEADLESS
dic. 22, 2025 4:38:23 P.áM. 
org.openqa.selenium.devtools.CdpVersionFinder findNearestMatch
WARNING: Unable to find CDP implementation matching 143
dic. 22, 2025 4:38:23 P.áM. 
org.openqa.selenium.chromium.ChromiumDriver lambda$new$5
WARNING: Unable to find version of CDP to use for 
143.0.7499.169. You may need to include a dependency on a 
specific version of the CDP using something similar to 
`org.seleniumhq.selenium:selenium-devtools-v86:4.27.0` where 
the version ("v86") matches the version of the chromium-based 
browser you're using and the version number of the artifact is 
the same as Selenium's.
[INFO] Tests run: 1, Failures: 0, Errors: 0, Skipped: 0, Time elapsed: 19.48 s -- in automation.funcionalidades.EgresosCrearEmpresaTest
[INFO] Running automation.funcionalidades.EgresosEditarEmpresaTest
Chrome ejecutßndose en modo HEADLESS
dic. 22, 2025 4:38:43 P.áM. 
org.openqa.selenium.devtools.CdpVersionFinder findNearestMatch
WARNING: Unable to find CDP implementation matching 143
dic. 22, 2025 4:38:43 P.áM. 
org.openqa.selenium.chromium.ChromiumDriver lambda$new$5
WARNING: Unable to find version of CDP to use for 
143.0.7499.169. You may need to include a dependency on a 
specific version of the CDP using something similar to 
`org.seleniumhq.selenium:selenium-devtools-v86:4.27.0` where 
the version ("v86") matches the version of the chromium-based 
browser you're using and the version number of the artifact is 
the same as Selenium's.
[ERROR] Tests run: 1, Failures: 0, Errors: 1, Skipped: 0, Time elapsed: 40.96 s <<< FAILURE! -- in automation.funcionalidades.EgresosEditarEmpresaTest
[ERROR] automation.funcionalidades.EgresosEditarEmpresaTest.editarCITest -- Time elapsed: 40.95 s <<< ERROR!
org.openqa.selenium.TimeoutException: 
Expected condition failed: waiting for element to be clickable: [[ChromeDriver: chrome on windows (56b16df3c1191a59dfb37b7d599052a0)] -> xpath: //ion-button[contains(.,'Guardar') or contains(.,'guardar')]] (tried for 20 second(s) with 500 milliseconds interval)
Build info: version: '4.27.0', revision: 'd6e718d134'
System info: os.name: 'Windows 11', os.arch: 'amd64', os.version: '10.0', java.version: '25.0.1'
Driver info: org.openqa.selenium.chrome.ChromeDriver
Capabilities {acceptInsecureCerts: false, browserName: chrome, browserVersion: 143.0.7499.169, chrome: {chromedriverVersion: 143.0.7499.169 (164b20aab62..., userDataDir: C:\Users\Usuario\AppData\Lo...}, fedcm:accounts: true, goog:chromeOptions: {debuggerAddress: localhost:63788}, goog:processID: 9476, networkConnectionEnabled: false, pageLoadStrategy: normal, platformName: windows, proxy: Proxy(), se:cdp: ws://localhost:63788/devtoo..., se:cdpVersion: 143.0.7499.169, setWindowRect: true, strictFileInteractability: false, timeouts: {implicit: 0, pageLoad: 300000, script: 30000}, unhandledPromptBehavior: dismiss and notify, webauthn:extension:credBlob: true, webauthn:extension:largeBlob: true, webauthn:extension:minPinLength: true, webauthn:extension:prf: true, webauthn:virtualAuthenticators: true}
Session ID: 56b16df3c1191a59dfb37b7d599052a0
	at org.openqa.selenium.support.ui.WebDriverWait.timeoutException(WebDriverWait.java:84)
	at org.openqa.selenium.support.ui.FluentWait.until(FluentWait.java:228)
	at pages.EgresosEditarEmpresaPage.editarCI(EgresosEditarEmpresaPage.java:158)
	at automation.funcionalidades.EgresosEditarEmpresaTest.editarCITest(EgresosEditarEmpresaTest.java:19)
	at java.base/java.lang.reflect.Method.invoke(Method.java:565)

[INFO] Running automation.funcionalidades.ExpoAdministrationTest
Chrome ejecutßndose en modo HEADLESS
dic. 22, 2025 4:39:24 P.áM. 
org.openqa.selenium.devtools.CdpVersionFinder findNearestMatch
WARNING: Unable to find CDP implementation matching 143
dic. 22, 2025 4:39:24 P.áM. 
org.openqa.selenium.chromium.ChromiumDriver lambda$new$5
WARNING: Unable to find version of CDP to use for 
143.0.7499.169. You may need to include a dependency on a 
specific version of the CDP using something similar to 
`org.seleniumhq.selenium:selenium-devtools-v86:4.27.0` where 
the version ("v86") matches the version of the chromium-based 
browser you're using and the version number of the artifact is 
the same as Selenium's.
Screenshot guardado en: C:\\Users\\Usuario\\Desktop\\Capturas\\\AdministrationTest_planillas_20251222163931.png
Chrome ejecutßndose en modo HEADLESS
dic. 22, 2025 4:39:32 P.áM. 
org.openqa.selenium.devtools.CdpVersionFinder findNearestMatch
WARNING: Unable to find CDP implementation matching 143
dic. 22, 2025 4:39:32 P.áM. 
org.openqa.selenium.chromium.ChromiumDriver lambda$new$5
WARNING: Unable to find version of CDP to use for 
143.0.7499.169. You may need to include a dependency on a 
specific version of the CDP using something similar to 
`org.seleniumhq.selenium:selenium-devtools-v86:4.27.0` where 
the version ("v86") matches the version of the chromium-based 
browser you're using and the version number of the artifact is 
the same as Selenium's.
Screenshot guardado en: C:\\Users\\Usuario\\Desktop\\Capturas\\\AdministrationTest_anios_20251222163938.png
Chrome ejecutßndose en modo HEADLESS
dic. 22, 2025 4:39:40 P.áM. 
org.openqa.selenium.devtools.CdpVersionFinder findNearestMatch
WARNING: Unable to find CDP implementation matching 143
dic. 22, 2025 4:39:40 P.áM. 
org.openqa.selenium.chromium.ChromiumDriver lambda$new$5
WARNING: Unable to find version of CDP to use for 
143.0.7499.169. You may need to include a dependency on a 
specific version of the CDP using something similar to 
`org.seleniumhq.selenium:selenium-devtools-v86:4.27.0` where 
the version ("v86") matches the version of the chromium-based 
browser you're using and the version number of the artifact is 
the same as Selenium's.
Screenshot guardado en: C:\\Users\\Usuario\\Desktop\\Capturas\\\AdministrationTest_usuarios_20251222163948.png
Chrome ejecutßndose en modo HEADLESS
dic. 22, 2025 4:39:49 P.áM. 
org.openqa.selenium.devtools.CdpVersionFinder findNearestMatch
WARNING: Unable to find CDP implementation matching 143
dic. 22, 2025 4:39:49 P.áM. 
org.openqa.selenium.chromium.ChromiumDriver lambda$new$5
WARNING: Unable to find version of CDP to use for 
143.0.7499.169. You may need to include a dependency on a 
specific version of the CDP using something similar to 
`org.seleniumhq.selenium:selenium-devtools-v86:4.27.0` where 
the version ("v86") matches the version of the chromium-based 
browser you're using and the version number of the artifact is 
the same as Selenium's.
Screenshot guardado en: C:\\Users\\Usuario\\Desktop\\Capturas\\\AdministrationTest_egresos_20251222164006.png
Chrome ejecutßndose en modo HEADLESS
dic. 22, 2025 4:40:07 P.áM. 
org.openqa.selenium.devtools.CdpVersionFinder findNearestMatch
WARNING: Unable to find CDP implementation matching 143
dic. 22, 2025 4:40:07 P.áM. 
org.openqa.selenium.chromium.ChromiumDriver lambda$new$5
WARNING: Unable to find version of CDP to use for 
143.0.7499.169. You may need to include a dependency on a 
specific version of the CDP using something similar to 
`org.seleniumhq.selenium:selenium-devtools-v86:4.27.0` where 
the version ("v86") matches the version of the chromium-based 
browser you're using and the version number of the artifact is 
the same as Selenium's.
Chrome ejecutßndose en modo HEADLESS
dic. 22, 2025 4:40:15 P.áM. 
org.openqa.selenium.devtools.CdpVersionFinder findNearestMatch
WARNING: Unable to find CDP implementation matching 143
dic. 22, 2025 4:40:15 P.áM. 
org.openqa.selenium.chromium.ChromiumDriver lambda$new$5
WARNING: Unable to find version of CDP to use for 
143.0.7499.169. You may need to include a dependency on a 
specific version of the CDP using something similar to 
`org.seleniumhq.selenium:selenium-devtools-v86:4.27.0` where 
the version ("v86") matches the version of the chromium-based 
browser you're using and the version number of the artifact is 
the same as Selenium's.
Screenshot guardado en: C:\\Users\\Usuario\\Desktop\\Capturas\\\AdministrationTest_categorias_20251222164022.png
[INFO] Tests run: 6, Failures: 0, Errors: 0, Skipped: 0, Time elapsed: 59.34 s -- in automation.funcionalidades.ExpoAdministrationTest
[INFO] Running automation.funcionalidades.ExpoCategoryTest
Chrome ejecutßndose en modo HEADLESS
dic. 22, 2025 4:40:23 P.áM. 
org.openqa.selenium.devtools.CdpVersionFinder findNearestMatch
WARNING: Unable to find CDP implementation matching 143
dic. 22, 2025 4:40:23 P.áM. 
org.openqa.selenium.chromium.ChromiumDriver lambda$new$5
WARNING: Unable to find version of CDP to use for 
143.0.7499.169. You may need to include a dependency on a 
specific version of the CDP using something similar to 
`org.seleniumhq.selenium:selenium-devtools-v86:4.27.0` where 
the version ("v86") matches the version of the chromium-based 
browser you're using and the version number of the artifact is 
the same as Selenium's.
Screenshot guardado en: C:\\Users\\Usuario\\Desktop\\Capturas\\\crearCategoria_exito_20251222164032.png
[WARNING] Tests run: 2, Failures: 0, Errors: 0, Skipped: 1, Time elapsed: 9.630 s -- in automation.funcionalidades.ExpoCategoryTest
[INFO] Running automation.funcionalidades.ExpoCreationUsuarioTest
Chrome ejecutßndose en modo HEADLESS
dic. 22, 2025 4:40:33 P.áM. 
org.openqa.selenium.devtools.CdpVersionFinder findNearestMatch
WARNING: Unable to find CDP implementation matching 143
dic. 22, 2025 4:40:33 P.áM. 
org.openqa.selenium.chromium.ChromiumDriver lambda$new$5
WARNING: Unable to find version of CDP to use for 
143.0.7499.169. You may need to include a dependency on a 
specific version of the CDP using something similar to 
`org.seleniumhq.selenium:selenium-devtools-v86:4.27.0` where 
the version ("v86") matches the version of the chromium-based 
browser you're using and the version number of the artifact is 
the same as Selenium's.
Screenshot guardado en: C:\\Users\\Usuario\\Desktop\\Capturas\\\CrearUsuarioTest_exito_20251222164047.png
Chrome ejecutßndose en modo HEADLESS
dic. 22, 2025 4:40:48 P.áM. 
org.openqa.selenium.devtools.CdpVersionFinder findNearestMatch
WARNING: Unable to find CDP implementation matching 143
dic. 22, 2025 4:40:48 P.áM. 
org.openqa.selenium.chromium.ChromiumDriver lambda$new$5
WARNING: Unable to find version of CDP to use for 
143.0.7499.169. You may need to include a dependency on a 
specific version of the CDP using something similar to 
`org.seleniumhq.selenium:selenium-devtools-v86:4.27.0` where 
the version ("v86") matches the version of the chromium-based 
browser you're using and the version number of the artifact is 
the same as Selenium's.
Screenshot guardado en: C:\\Users\\Usuario\\Desktop\\Capturas\\\CrearUsuarioAdministradorToggleTest_exito_20251222164102.png
[INFO] Tests run: 2, Failures: 0, Errors: 0, Skipped: 0, Time elapsed: 30.30 s -- in automation.funcionalidades.ExpoCreationUsuarioTest
[INFO] Running automation.funcionalidades.ExpoDeleteUsuarioTest
Chrome ejecutßndose en modo HEADLESS
dic. 22, 2025 4:41:03 P.áM. 
org.openqa.selenium.devtools.CdpVersionFinder findNearestMatch
WARNING: Unable to find CDP implementation matching 143
dic. 22, 2025 4:41:03 P.áM. 
org.openqa.selenium.chromium.ChromiumDriver lambda$new$5
WARNING: Unable to find version of CDP to use for 
143.0.7499.169. You may need to include a dependency on a 
specific version of the CDP using something similar to 
`org.seleniumhq.selenium:selenium-devtools-v86:4.27.0` where 
the version ("v86") matches the version of the chromium-based 
browser you're using and the version number of the artifact is 
the same as Selenium's.
Screenshot guardado en: C:\\Users\\Usuario\\Desktop\\Capturas\\\borrarUsuario_exito_20251222164113.png
[INFO] Tests run: 1, Failures: 0, Errors: 0, Skipped: 0, Time elapsed: 11.26 s -- in automation.funcionalidades.ExpoDeleteUsuarioTest
[INFO] Running automation.funcionalidades.ExpoEditionUsuarioTest
Chrome ejecutßndose en modo HEADLESS
dic. 22, 2025 4:41:14 P.áM. 
org.openqa.selenium.devtools.CdpVersionFinder findNearestMatch
WARNING: Unable to find CDP implementation matching 143
dic. 22, 2025 4:41:14 P.áM. 
org.openqa.selenium.chromium.ChromiumDriver lambda$new$5
WARNING: Unable to find version of CDP to use for 
143.0.7499.169. You may need to include a dependency on a 
specific version of the CDP using something similar to 
`org.seleniumhq.selenium:selenium-devtools-v86:4.27.0` where 
the version ("v86") matches the version of the chromium-based 
browser you're using and the version number of the artifact is 
the same as Selenium's.
Screenshot guardado en: C:\\Users\\Usuario\\Desktop\\Capturas\\\editarUsuario_error_20251222164122.png
[ERROR] Tests run: 1, Failures: 0, Errors: 1, Skipped: 0, Time elapsed: 8.690 s <<< FAILURE! -- in automation.funcionalidades.ExpoEditionUsuarioTest
[ERROR] automation.funcionalidades.ExpoEditionUsuarioTest.editarUsuarioTest -- Time elapsed: 8.688 s <<< ERROR!
org.openqa.selenium.NoSuchElementException: 
no such element: Unable to locate element: {"method":"xpath","selector":"//ion-card[.//ion-card-title[contains(normalize-space(), 'usuarioTestAutomatico')]]"}
  (Session info: chrome=143.0.7499.169)
For documentation on this error, please visit: https://www.selenium.dev/documentation/webdriver/troubleshooting/errors#no-such-element-exception
Build info: version: '4.27.0', revision: 'd6e718d134'
System info: os.name: 'Windows 11', os.arch: 'amd64', os.version: '10.0', java.version: '25.0.1'
Driver info: org.openqa.selenium.chrome.ChromeDriver
Command: [e6acfef48a0fb970597eaa0438202f0b, findElement {value=//ion-card[.//ion-card-title[contains(normalize-space(), 'usuarioTestAutomatico')]], using=xpath}]
Capabilities {acceptInsecureCerts: false, browserName: chrome, browserVersion: 143.0.7499.169, chrome: {chromedriverVersion: 143.0.7499.169 (164b20aab62..., userDataDir: C:\Users\Usuario\AppData\Lo...}, fedcm:accounts: true, goog:chromeOptions: {debuggerAddress: localhost:57501}, goog:processID: 17248, networkConnectionEnabled: false, pageLoadStrategy: normal, platformName: windows, proxy: Proxy(), se:cdp: ws://localhost:57501/devtoo..., se:cdpVersion: 143.0.7499.169, setWindowRect: true, strictFileInteractability: false, timeouts: {implicit: 0, pageLoad: 300000, script: 30000}, unhandledPromptBehavior: dismiss and notify, webauthn:extension:credBlob: true, webauthn:extension:largeBlob: true, webauthn:extension:minPinLength: true, webauthn:extension:prf: true, webauthn:virtualAuthenticators: true}
Session ID: e6acfef48a0fb970597eaa0438202f0b
	at java.base/jdk.internal.reflect.DirectConstructorHandleAccessor.newInstance(DirectConstructorHandleAccessor.java:62)
	at java.base/java.lang.reflect.Constructor.newInstanceWithCaller(Constructor.java:499)
	at java.base/java.lang.reflect.Constructor.newInstance(Constructor.java:483)
	at org.openqa.selenium.remote.ErrorCodec.decode(ErrorCodec.java:167)
	at org.openqa.selenium.remote.codec.w3c.W3CHttpResponseCodec.decode(W3CHttpResponseCodec.java:138)
	at org.openqa.selenium.remote.codec.w3c.W3CHttpResponseCodec.decode(W3CHttpResponseCodec.java:50)
	at org.openqa.selenium.remote.HttpCommandExecutor.execute(HttpCommandExecutor.java:190)
	at org.openqa.selenium.remote.service.DriverCommandExecutor.invokeExecute(DriverCommandExecutor.java:216)
	at org.openqa.selenium.remote.service.DriverCommandExecutor.execute(DriverCommandExecutor.java:174)
	at org.openqa.selenium.remote.RemoteWebDriver.execute(RemoteWebDriver.java:545)
	at org.openqa.selenium.remote.ElementLocation$ElementFinder$2.findElement(ElementLocation.java:165)
	at org.openqa.selenium.remote.ElementLocation.findElement(ElementLocation.java:59)
	at org.openqa.selenium.remote.RemoteWebDriver.findElement(RemoteWebDriver.java:368)
	at org.openqa.selenium.remote.RemoteWebDriver.findElement(RemoteWebDriver.java:362)
	at pages.ExpoUsuariosPage.tarjetaUsuario(ExpoUsuariosPage.java:102)
	at pages.ExpoUsuariosPage.clickEditar(ExpoUsuariosPage.java:108)
	at automation.funcionalidades.ExpoEditionUsuarioTest.editarUsuarioTest(ExpoEditionUsuarioTest.java:66)
	at java.base/java.lang.reflect.Method.invoke(Method.java:565)

[INFO] Running automation.funcionalidades.ExpoHomeTest
Chrome ejecutßndose en modo HEADLESS
dic. 22, 2025 4:41:23 P.áM. 
org.openqa.selenium.devtools.CdpVersionFinder findNearestMatch
WARNING: Unable to find CDP implementation matching 143
dic. 22, 2025 4:41:23 P.áM. 
org.openqa.selenium.chromium.ChromiumDriver lambda$new$5
WARNING: Unable to find version of CDP to use for 
143.0.7499.169. You may need to include a dependency on a 
specific version of the CDP using something similar to 
`org.seleniumhq.selenium:selenium-devtools-v86:4.27.0` where 
the version ("v86") matches the version of the chromium-based 
browser you're using and the version number of the artifact is 
the same as Selenium's.
Screenshot guardado en: C:\\Users\\Usuario\\Desktop\\Capturas\\\ExpoHomeTest_egresosNavigation_20251222164128.png
Chrome ejecutßndose en modo HEADLESS
dic. 22, 2025 4:41:30 P.áM. 
org.openqa.selenium.devtools.CdpVersionFinder findNearestMatch
WARNING: Unable to find CDP implementation matching 143
dic. 22, 2025 4:41:30 P.áM. 
org.openqa.selenium.chromium.ChromiumDriver lambda$new$5
WARNING: Unable to find version of CDP to use for 
143.0.7499.169. You may need to include a dependency on a 
specific version of the CDP using something similar to 
`org.seleniumhq.selenium:selenium-devtools-v86:4.27.0` where 
the version ("v86") matches the version of the chromium-based 
browser you're using and the version number of the artifact is 
the same as Selenium's.
Screenshot guardado en: C:\\Users\\Usuario\\Desktop\\Capturas\\\ExpoHomeTest_empresasNavigation_20251222164135.png
Chrome ejecutßndose en modo HEADLESS
dic. 22, 2025 4:41:37 P.áM. 
org.openqa.selenium.devtools.CdpVersionFinder findNearestMatch
WARNING: Unable to find CDP implementation matching 143
dic. 22, 2025 4:41:37 P.áM. 
org.openqa.selenium.chromium.ChromiumDriver lambda$new$5
WARNING: Unable to find version of CDP to use for 
143.0.7499.169. You may need to include a dependency on a 
specific version of the CDP using something similar to 
`org.seleniumhq.selenium:selenium-devtools-v86:4.27.0` where 
the version ("v86") matches the version of the chromium-based 
browser you're using and the version number of the artifact is 
the same as Selenium's.
Screenshot guardado en: C:\\Users\\Usuario\\Desktop\\Capturas\\\ExpoHomeTest_administracionNavigation_20251222164144.png
Chrome ejecutßndose en modo HEADLESS
dic. 22, 2025 4:41:45 P.áM. 
org.openqa.selenium.devtools.CdpVersionFinder findNearestMatch
WARNING: Unable to find CDP implementation matching 143
dic. 22, 2025 4:41:45 P.áM. 
org.openqa.selenium.chromium.ChromiumDriver lambda$new$5
WARNING: Unable to find version of CDP to use for 
143.0.7499.169. You may need to include a dependency on a 
specific version of the CDP using something similar to 
`org.seleniumhq.selenium:selenium-devtools-v86:4.27.0` where 
the version ("v86") matches the version of the chromium-based 
browser you're using and the version number of the artifact is 
the same as Selenium's.
Screenshot guardado en: C:\\Users\\Usuario\\Desktop\\Capturas\\\ExpoHomeTest_totalesNavigation_20251222164153.png
Chrome ejecutßndose en modo HEADLESS
dic. 22, 2025 4:41:54 P.áM. 
org.openqa.selenium.devtools.CdpVersionFinder findNearestMatch
WARNING: Unable to find CDP implementation matching 143
dic. 22, 2025 4:41:54 P.áM. 
org.openqa.selenium.chromium.ChromiumDriver lambda$new$5
WARNING: Unable to find version of CDP to use for 
143.0.7499.169. You may need to include a dependency on a 
specific version of the CDP using something similar to 
`org.seleniumhq.selenium:selenium-devtools-v86:4.27.0` where 
the version ("v86") matches the version of the chromium-based 
browser you're using and the version number of the artifact is 
the same as Selenium's.
Screenshot guardado en: C:\\Users\\Usuario\\Desktop\\Capturas\\\ExpoHomeTest_ingresosNavigation_20251222164200.png
[INFO] Tests run: 5, Failures: 0, Errors: 0, Skipped: 0, Time elapsed: 37.85 s -- in automation.funcionalidades.ExpoHomeTest
[INFO] Running automation.funcionalidades.ExpoLoginTest
Chrome ejecutßndose en modo HEADLESS
dic. 22, 2025 4:42:01 P.áM. 
org.openqa.selenium.devtools.CdpVersionFinder findNearestMatch
WARNING: Unable to find CDP implementation matching 143
dic. 22, 2025 4:42:01 P.áM. 
org.openqa.selenium.chromium.ChromiumDriver lambda$new$5
WARNING: Unable to find version of CDP to use for 
143.0.7499.169. You may need to include a dependency on a 
specific version of the CDP using something similar to 
`org.seleniumhq.selenium:selenium-devtools-v86:4.27.0` where 
the version ("v86") matches the version of the chromium-based 
browser you're using and the version number of the artifact is 
the same as Selenium's.
Screenshot guardado en: C:\\Users\\Usuario\\Desktop\\Capturas\\\login_admin_exito_20251222164205.png
Chrome ejecutßndose en modo HEADLESS
dic. 22, 2025 4:42:06 P.áM. 
org.openqa.selenium.devtools.CdpVersionFinder findNearestMatch
WARNING: Unable to find CDP implementation matching 143
dic. 22, 2025 4:42:06 P.áM. 
org.openqa.selenium.chromium.ChromiumDriver lambda$new$5
WARNING: Unable to find version of CDP to use for 
143.0.7499.169. You may need to include a dependency on a 
specific version of the CDP using something similar to 
`org.seleniumhq.selenium:selenium-devtools-v86:4.27.0` where 
the version ("v86") matches the version of the chromium-based 
browser you're using and the version number of the artifact is 
the same as Selenium's.
Screenshot guardado en: C:\\Users\\Usuario\\Desktop\\Capturas\\\logout_exito_20251222164212.png
[INFO] Tests run: 2, Failures: 0, Errors: 0, Skipped: 0, Time elapsed: 12.73 s -- in automation.funcionalidades.ExpoLoginTest
[INFO] Running automation.funcionalidades.ExpoSaldoEmpresaTest
Chrome ejecutßndose en modo HEADLESS
dic. 22, 2025 4:42:14 P.áM. 
org.openqa.selenium.devtools.CdpVersionFinder findNearestMatch
WARNING: Unable to find CDP implementation matching 143
dic. 22, 2025 4:42:14 P.áM. 
org.openqa.selenium.chromium.ChromiumDriver lambda$new$5
WARNING: Unable to find version of CDP to use for 
143.0.7499.169. You may need to include a dependency on a 
specific version of the CDP using something similar to 
`org.seleniumhq.selenium:selenium-devtools-v86:4.27.0` where 
the version ("v86") matches the version of the chromium-based 
browser you're using and the version number of the artifact is 
the same as Selenium's.
Screenshot guardado en: C:\\Users\\Usuario\\Desktop\\Capturas\\\consolidacion_error_20251222164232.png
[ERROR] Tests run: 1, Failures: 0, Errors: 1, Skipped: 0, Time elapsed: 20.15 s <<< FAILURE! -- in automation.funcionalidades.ExpoSaldoEmpresaTest
[ERROR] automation.funcionalidades.ExpoSaldoEmpresaTest.consolidacionEmpresaTest -- Time elapsed: 20.15 s <<< ERROR!
org.openqa.selenium.NoSuchElementException: 
no such element: Unable to locate element: {"method":"xpath","selector":"//ion-card[.//ion-card-title[contains(normalize-space(), 'Galpones')]]"}
  (Session info: chrome=143.0.7499.169)
For documentation on this error, please visit: https://www.selenium.dev/documentation/webdriver/troubleshooting/errors#no-such-element-exception
Build info: version: '4.27.0', revision: 'd6e718d134'
System info: os.name: 'Windows 11', os.arch: 'amd64', os.version: '10.0', java.version: '25.0.1'
Driver info: org.openqa.selenium.chrome.ChromeDriver
Command: [33ee472e0385df3aa9260c633faf09cc, findElement {value=//ion-card[.//ion-card-title[contains(normalize-space(), 'Galpones')]], using=xpath}]
Capabilities {acceptInsecureCerts: false, browserName: chrome, browserVersion: 143.0.7499.169, chrome: {chromedriverVersion: 143.0.7499.169 (164b20aab62..., userDataDir: C:\Users\Usuario\AppData\Lo...}, fedcm:accounts: true, goog:chromeOptions: {debuggerAddress: localhost:59942}, goog:processID: 19664, networkConnectionEnabled: false, pageLoadStrategy: normal, platformName: windows, proxy: Proxy(), se:cdp: ws://localhost:59942/devtoo..., se:cdpVersion: 143.0.7499.169, setWindowRect: true, strictFileInteractability: false, timeouts: {implicit: 0, pageLoad: 300000, script: 30000}, unhandledPromptBehavior: dismiss and notify, webauthn:extension:credBlob: true, webauthn:extension:largeBlob: true, webauthn:extension:minPinLength: true, webauthn:extension:prf: true, webauthn:virtualAuthenticators: true}
Session ID: 33ee472e0385df3aa9260c633faf09cc
	at java.base/jdk.internal.reflect.DirectConstructorHandleAccessor.newInstance(DirectConstructorHandleAccessor.java:62)
	at java.base/java.lang.reflect.Constructor.newInstanceWithCaller(Constructor.java:499)
	at java.base/java.lang.reflect.Constructor.newInstance(Constructor.java:483)
	at org.openqa.selenium.remote.ErrorCodec.decode(ErrorCodec.java:167)
	at org.openqa.selenium.remote.codec.w3c.W3CHttpResponseCodec.decode(W3CHttpResponseCodec.java:138)
	at org.openqa.selenium.remote.codec.w3c.W3CHttpResponseCodec.decode(W3CHttpResponseCodec.java:50)
	at org.openqa.selenium.remote.HttpCommandExecutor.execute(HttpCommandExecutor.java:190)
	at org.openqa.selenium.remote.service.DriverCommandExecutor.invokeExecute(DriverCommandExecutor.java:216)
	at org.openqa.selenium.remote.service.DriverCommandExecutor.execute(DriverCommandExecutor.java:174)
	at org.openqa.selenium.remote.RemoteWebDriver.execute(RemoteWebDriver.java:545)
	at org.openqa.selenium.remote.ElementLocation$ElementFinder$2.findElement(ElementLocation.java:165)
	at org.openqa.selenium.remote.ElementLocation.findElement(ElementLocation.java:59)
	at org.openqa.selenium.remote.RemoteWebDriver.findElement(RemoteWebDriver.java:368)
	at org.openqa.selenium.remote.RemoteWebDriver.findElement(RemoteWebDriver.java:362)
	at pages.ExpoSaldoEmpresaPage.cardFila(ExpoSaldoEmpresaPage.java:97)
	at pages.ExpoSaldoEmpresaPage.seleccionarPlanilla(ExpoSaldoEmpresaPage.java:119)
	at automation.funcionalidades.ExpoSaldoEmpresaTest.consolidacionEmpresaTest(ExpoSaldoEmpresaTest.java:57)
	at java.base/java.lang.reflect.Method.invoke(Method.java:565)

[INFO] Running automation.funcionalidades.IngresoCrearFilaTest
Chrome ejecutßndose en modo HEADLESS
dic. 22, 2025 4:42:34 P.áM. 
org.openqa.selenium.devtools.CdpVersionFinder findNearestMatch
WARNING: Unable to find CDP implementation matching 143
dic. 22, 2025 4:42:34 P.áM. 
org.openqa.selenium.chromium.ChromiumDriver lambda$new$5
WARNING: Unable to find version of CDP to use for 
143.0.7499.169. You may need to include a dependency on a 
specific version of the CDP using something similar to 
`org.seleniumhq.selenium:selenium-devtools-v86:4.27.0` where 
the version ("v86") matches the version of the chromium-based 
browser you're using and the version number of the artifact is 
the same as Selenium's.
[ERROR] Tests run: 1, Failures: 0, Errors: 1, Skipped: 0, Time elapsed: 8.556 s <<< FAILURE! -- in automation.funcionalidades.IngresoCrearFilaTest
[ERROR] automation.funcionalidades.IngresoCrearFilaTest.ingresoCrearFilaTest -- Time elapsed: 8.555 s <<< ERROR!
org.openqa.selenium.NoSuchElementException: 
no such element: Unable to locate element: {"method":"xpath","selector":"/html/body/app-root/ion-app/ion-router-outlet/app-tabs/ion-tabs/div/ion-router-outlet/app-ingresos/ion-content/ion-grid/ion-row[2]/ion-col[1]/ion-card"}
  (Session info: chrome=143.0.7499.169)
For documentation on this error, please visit: https://www.selenium.dev/documentation/webdriver/troubleshooting/errors#no-such-element-exception
Build info: version: '4.27.0', revision: 'd6e718d134'
System info: os.name: 'Windows 11', os.arch: 'amd64', os.version: '10.0', java.version: '25.0.1'
Driver info: org.openqa.selenium.chrome.ChromeDriver
Command: [4df5c7c69b37d453de9bb6112e7cc9a6, findElement {value=/html/body/app-root/ion-app/ion-router-outlet/app-tabs/ion-tabs/div/ion-router-outlet/app-ingresos/ion-content/ion-grid/ion-row[2]/ion-col[1]/ion-card, using=xpath}]
Capabilities {acceptInsecureCerts: false, browserName: chrome, browserVersion: 143.0.7499.169, chrome: {chromedriverVersion: 143.0.7499.169 (164b20aab62..., userDataDir: C:\Users\Usuario\AppData\Lo...}, fedcm:accounts: true, goog:chromeOptions: {debuggerAddress: localhost:56058}, goog:processID: 6740, networkConnectionEnabled: false, pageLoadStrategy: normal, platformName: windows, proxy: Proxy(), se:cdp: ws://localhost:56058/devtoo..., se:cdpVersion: 143.0.7499.169, setWindowRect: true, strictFileInteractability: false, timeouts: {implicit: 0, pageLoad: 300000, script: 30000}, unhandledPromptBehavior: dismiss and notify, webauthn:extension:credBlob: true, webauthn:extension:largeBlob: true, webauthn:extension:minPinLength: true, webauthn:extension:prf: true, webauthn:virtualAuthenticators: true}
Session ID: 4df5c7c69b37d453de9bb6112e7cc9a6
	at java.base/jdk.internal.reflect.DirectConstructorHandleAccessor.newInstance(DirectConstructorHandleAccessor.java:62)
	at java.base/java.lang.reflect.Constructor.newInstanceWithCaller(Constructor.java:499)
	at java.base/java.lang.reflect.Constructor.newInstance(Constructor.java:483)
	at org.openqa.selenium.remote.ErrorCodec.decode(ErrorCodec.java:167)
	at org.openqa.selenium.remote.codec.w3c.W3CHttpResponseCodec.decode(W3CHttpResponseCodec.java:138)
	at org.openqa.selenium.remote.codec.w3c.W3CHttpResponseCodec.decode(W3CHttpResponseCodec.java:50)
	at org.openqa.selenium.remote.HttpCommandExecutor.execute(HttpCommandExecutor.java:190)
	at org.openqa.selenium.remote.service.DriverCommandExecutor.invokeExecute(DriverCommandExecutor.java:216)
	at org.openqa.selenium.remote.service.DriverCommandExecutor.execute(DriverCommandExecutor.java:174)
	at org.openqa.selenium.remote.RemoteWebDriver.execute(RemoteWebDriver.java:545)
	at org.openqa.selenium.remote.ElementLocation$ElementFinder$2.findElement(ElementLocation.java:165)
	at org.openqa.selenium.remote.ElementLocation.findElement(ElementLocation.java:59)
	at org.openqa.selenium.remote.RemoteWebDriver.findElement(RemoteWebDriver.java:368)
	at org.openqa.selenium.remote.RemoteWebDriver.findElement(RemoteWebDriver.java:362)
	at org.openqa.selenium.support.pagefactory.DefaultElementLocator.findElement(DefaultElementLocator.java:68)
	at org.openqa.selenium.support.pagefactory.internal.LocatingElementHandler.invoke(LocatingElementHandler.java:38)
	at jdk.proxy2/jdk.proxy2.$Proxy16.click(Unknown Source)
	at pages.IngresoCrearFilaPage.abrirPrimerIngreso(IngresoCrearFilaPage.java:64)
	at automation.funcionalidades.IngresoCrearFilaTest.ingresoCrearFilaTest(IngresoCrearFilaTest.java:22)
	at java.base/java.lang.reflect.Method.invoke(Method.java:565)

[INFO] Running automation.funcionalidades.IngresoDetallesTest
Chrome ejecutßndose en modo HEADLESS
dic. 22, 2025 4:42:42 P.áM. 
org.openqa.selenium.devtools.CdpVersionFinder findNearestMatch
WARNING: Unable to find CDP implementation matching 143
dic. 22, 2025 4:42:42 P.áM. 
org.openqa.selenium.chromium.ChromiumDriver lambda$new$5
WARNING: Unable to find version of CDP to use for 
143.0.7499.169. You may need to include a dependency on a 
specific version of the CDP using something similar to 
`org.seleniumhq.selenium:selenium-devtools-v86:4.27.0` where 
the version ("v86") matches the version of the chromium-based 
browser you're using and the version number of the artifact is 
the same as Selenium's.
[ERROR] Tests run: 1, Failures: 0, Errors: 1, Skipped: 0, Time elapsed: 8.842 s <<< FAILURE! -- in automation.funcionalidades.IngresoDetallesTest
[ERROR] automation.funcionalidades.IngresoDetallesTest.ingresoDetallesTest -- Time elapsed: 8.836 s <<< ERROR!
org.openqa.selenium.NoSuchElementException: 
no such element: Unable to locate element: {"method":"xpath","selector":"/html/body/app-root/ion-app/ion-router-outlet/app-tabs/ion-tabs/div/ion-router-outlet/app-ingresos/ion-content/ion-grid/ion-row[2]/ion-col[1]/ion-card"}
  (Session info: chrome=143.0.7499.169)
For documentation on this error, please visit: https://www.selenium.dev/documentation/webdriver/troubleshooting/errors#no-such-element-exception
Build info: version: '4.27.0', revision: 'd6e718d134'
System info: os.name: 'Windows 11', os.arch: 'amd64', os.version: '10.0', java.version: '25.0.1'
Driver info: org.openqa.selenium.chrome.ChromeDriver
Command: [80e17b7cdfc3cbc86d8210db8eb93349, findElement {value=/html/body/app-root/ion-app/ion-router-outlet/app-tabs/ion-tabs/div/ion-router-outlet/app-ingresos/ion-content/ion-grid/ion-row[2]/ion-col[1]/ion-card, using=xpath}]
Capabilities {acceptInsecureCerts: false, browserName: chrome, browserVersion: 143.0.7499.169, chrome: {chromedriverVersion: 143.0.7499.169 (164b20aab62..., userDataDir: C:\Users\Usuario\AppData\Lo...}, fedcm:accounts: true, goog:chromeOptions: {debuggerAddress: localhost:62612}, goog:processID: 19428, networkConnectionEnabled: false, pageLoadStrategy: normal, platformName: windows, proxy: Proxy(), se:cdp: ws://localhost:62612/devtoo..., se:cdpVersion: 143.0.7499.169, setWindowRect: true, strictFileInteractability: false, timeouts: {implicit: 0, pageLoad: 300000, script: 30000}, unhandledPromptBehavior: dismiss and notify, webauthn:extension:credBlob: true, webauthn:extension:largeBlob: true, webauthn:extension:minPinLength: true, webauthn:extension:prf: true, webauthn:virtualAuthenticators: true}
Session ID: 80e17b7cdfc3cbc86d8210db8eb93349
	at java.base/jdk.internal.reflect.DirectConstructorHandleAccessor.newInstance(DirectConstructorHandleAccessor.java:62)
	at java.base/java.lang.reflect.Constructor.newInstanceWithCaller(Constructor.java:499)
	at java.base/java.lang.reflect.Constructor.newInstance(Constructor.java:483)
	at org.openqa.selenium.remote.ErrorCodec.decode(ErrorCodec.java:167)
	at org.openqa.selenium.remote.codec.w3c.W3CHttpResponseCodec.decode(W3CHttpResponseCodec.java:138)
	at org.openqa.selenium.remote.codec.w3c.W3CHttpResponseCodec.decode(W3CHttpResponseCodec.java:50)
	at org.openqa.selenium.remote.HttpCommandExecutor.execute(HttpCommandExecutor.java:190)
	at org.openqa.selenium.remote.service.DriverCommandExecutor.invokeExecute(DriverCommandExecutor.java:216)
	at org.openqa.selenium.remote.service.DriverCommandExecutor.execute(DriverCommandExecutor.java:174)
	at org.openqa.selenium.remote.RemoteWebDriver.execute(RemoteWebDriver.java:545)
	at org.openqa.selenium.remote.ElementLocation$ElementFinder$2.findElement(ElementLocation.java:165)
	at org.openqa.selenium.remote.ElementLocation.findElement(ElementLocation.java:59)
	at org.openqa.selenium.remote.RemoteWebDriver.findElement(RemoteWebDriver.java:368)
	at org.openqa.selenium.remote.RemoteWebDriver.findElement(RemoteWebDriver.java:362)
	at org.openqa.selenium.support.pagefactory.DefaultElementLocator.findElement(DefaultElementLocator.java:68)
	at org.openqa.selenium.support.pagefactory.internal.LocatingElementHandler.invoke(LocatingElementHandler.java:38)
	at jdk.proxy2/jdk.proxy2.$Proxy16.click(Unknown Source)
	at pages.IngresoDetallesPage.abrirPrimerIngreso(IngresoDetallesPage.java:39)
	at automation.funcionalidades.IngresoDetallesTest.ingresoDetallesTest(IngresoDetallesTest.java:23)
	at java.base/java.lang.reflect.Method.invoke(Method.java:565)

[INFO] Running automation.funcionalidades.IngresoEliminarFilaTest
Chrome ejecutßndose en modo HEADLESS
dic. 22, 2025 4:42:51 P.áM. 
org.openqa.selenium.devtools.CdpVersionFinder findNearestMatch
WARNING: Unable to find CDP implementation matching 143
dic. 22, 2025 4:42:51 P.áM. 
org.openqa.selenium.chromium.ChromiumDriver lambda$new$5
WARNING: Unable to find version of CDP to use for 
143.0.7499.169. You may need to include a dependency on a 
specific version of the CDP using something similar to 
`org.seleniumhq.selenium:selenium-devtools-v86:4.27.0` where 
the version ("v86") matches the version of the chromium-based 
browser you're using and the version number of the artifact is 
the same as Selenium's.
[ERROR] Tests run: 1, Failures: 0, Errors: 1, Skipped: 0, Time elapsed: 28.29 s <<< FAILURE! -- in automation.funcionalidades.IngresoEliminarFilaTest
[ERROR] automation.funcionalidades.IngresoEliminarFilaTest.eliminarFilaTest -- Time elapsed: 28.28 s <<< ERROR!
org.openqa.selenium.TimeoutException: Expected condition failed: waiting for presence of element located by: By.cssSelector: ion-card (tried for 20 second(s) with 500 milliseconds interval)
	at org.openqa.selenium.support.ui.WebDriverWait.timeoutException(WebDriverWait.java:84)
	at org.openqa.selenium.support.ui.FluentWait.until(FluentWait.java:228)
	at pages.IngresoEliminarFilaPage.abrirPrimerIngreso(IngresoEliminarFilaPage.java:54)
	at automation.funcionalidades.IngresoEliminarFilaTest.eliminarFilaTest(IngresoEliminarFilaTest.java:22)
	at java.base/java.lang.reflect.Method.invoke(Method.java:565)
Caused by: org.openqa.selenium.NoSuchElementException: no such element: Unable to locate element: {"method":"css selector","selector":"ion-card"}
  (Session info: chrome=143.0.7499.169)
For documentation on this error, please visit: https://www.selenium.dev/documentation/webdriver/troubleshooting/errors#no-such-element-exception
Build info: version: '4.27.0', revision: 'd6e718d134'
System info: os.name: 'Windows 11', os.arch: 'amd64', os.version: '10.0', java.version: '25.0.1'
Driver info: org.openqa.selenium.chrome.ChromeDriver
Command: [c1290cd3f5b0cb3ffabf5f77a67eb57e, findElement {value=ion-card, using=css selector}]
Capabilities {acceptInsecureCerts: false, browserName: chrome, browserVersion: 143.0.7499.169, chrome: {chromedriverVersion: 143.0.7499.169 (164b20aab62..., userDataDir: C:\Users\Usuario\AppData\Lo...}, fedcm:accounts: true, goog:chromeOptions: {debuggerAddress: localhost:60628}, goog:processID: 5664, networkConnectionEnabled: false, pageLoadStrategy: normal, platformName: windows, proxy: Proxy(), se:cdp: ws://localhost:60628/devtoo..., se:cdpVersion: 143.0.7499.169, setWindowRect: true, strictFileInteractability: false, timeouts: {implicit: 0, pageLoad: 300000, script: 30000}, unhandledPromptBehavior: dismiss and notify, webauthn:extension:credBlob: true, webauthn:extension:largeBlob: true, webauthn:extension:minPinLength: true, webauthn:extension:prf: true, webauthn:virtualAuthenticators: true}
Session ID: c1290cd3f5b0cb3ffabf5f77a67eb57e
	at java.base/jdk.internal.reflect.DirectConstructorHandleAccessor.newInstance(DirectConstructorHandleAccessor.java:62)
	at java.base/java.lang.reflect.Constructor.newInstanceWithCaller(Constructor.java:499)
	at java.base/java.lang.reflect.Constructor.newInstance(Constructor.java:483)
	at org.openqa.selenium.remote.ErrorCodec.decode(ErrorCodec.java:167)
	at org.openqa.selenium.remote.codec.w3c.W3CHttpResponseCodec.decode(W3CHttpResponseCodec.java:138)
	at org.openqa.selenium.remote.codec.w3c.W3CHttpResponseCodec.decode(W3CHttpResponseCodec.java:50)
	at org.openqa.selenium.remote.HttpCommandExecutor.execute(HttpCommandExecutor.java:190)
	at org.openqa.selenium.remote.service.DriverCommandExecutor.invokeExecute(DriverCommandExecutor.java:216)
	at org.openqa.selenium.remote.service.DriverCommandExecutor.execute(DriverCommandExecutor.java:174)
	at org.openqa.selenium.remote.RemoteWebDriver.execute(RemoteWebDriver.java:545)
	at org.openqa.selenium.remote.ElementLocation$ElementFinder$2.findElement(ElementLocation.java:165)
	at org.openqa.selenium.remote.ElementLocation.findElement(ElementLocation.java:59)
	at org.openqa.selenium.remote.RemoteWebDriver.findElement(RemoteWebDriver.java:368)
	at org.openqa.selenium.remote.RemoteWebDriver.findElement(RemoteWebDriver.java:362)
	at org.openqa.selenium.support.ui.ExpectedConditions$6.apply(ExpectedConditions.java:171)
	at org.openqa.selenium.support.ui.ExpectedConditions$6.apply(ExpectedConditions.java:168)
	at org.openqa.selenium.support.ui.FluentWait.until(FluentWait.java:203)
	... 3 more

[INFO] Running automation.funcionalidades.LoginTest
Chrome ejecutßndose en modo HEADLESS
dic. 22, 2025 4:43:20 P.áM. 
org.openqa.selenium.devtools.CdpVersionFinder findNearestMatch
WARNING: Unable to find CDP implementation matching 143
dic. 22, 2025 4:43:20 P.áM. 
org.openqa.selenium.chromium.ChromiumDriver lambda$new$5
WARNING: Unable to find version of CDP to use for 
143.0.7499.169. You may need to include a dependency on a 
specific version of the CDP using something similar to 
`org.seleniumhq.selenium:selenium-devtools-v86:4.27.0` where 
the version ("v86") matches the version of the chromium-based 
browser you're using and the version number of the artifact is 
the same as Selenium's.
[INFO] Tests run: 1, Failures: 0, Errors: 0, Skipped: 0, Time elapsed: 13.65 s -- in automation.funcionalidades.LoginTest
[INFO] Running automation.funcionalidades.TotalesTest
Chrome ejecutßndose en modo HEADLESS
dic. 22, 2025 4:43:33 P.áM. 
org.openqa.selenium.devtools.CdpVersionFinder findNearestMatch
WARNING: Unable to find CDP implementation matching 143
dic. 22, 2025 4:43:33 P.áM. 
org.openqa.selenium.chromium.ChromiumDriver lambda$new$5
WARNING: Unable to find version of CDP to use for 
143.0.7499.169. You may need to include a dependency on a 
specific version of the CDP using something similar to 
`org.seleniumhq.selenium:selenium-devtools-v86:4.27.0` where 
the version ("v86") matches the version of the chromium-based 
browser you're using and the version number of the artifact is 
the same as Selenium's.
[ERROR] Tests run: 1, Failures: 0, Errors: 1, Skipped: 0, Time elapsed: 11.84 s <<< FAILURE! -- in automation.funcionalidades.TotalesTest
[ERROR] automation.funcionalidades.TotalesTest.desgloseIngresos_Egresos_Balance_totalesTest -- Time elapsed: 11.84 s <<< ERROR!
java.lang.NumberFormatException: empty String
	at java.base/jdk.internal.math.FloatingDecimal.readJavaFormatString(FloatingDecimal.java:1866)
	at java.base/jdk.internal.math.FloatingDecimal.parseDouble(FloatingDecimal.java:110)
	at java.base/java.lang.Double.parseDouble(Double.java:971)
	at pages.TotalesPage.pasarADouble(TotalesPage.java:60)
	at pages.TotalesPage.getBalance(TotalesPage.java:56)
	at automation.funcionalidades.TotalesTest.desgloseIngresos_Egresos_Balance_totalesTest(TotalesTest.java:30)
	at java.base/java.lang.reflect.Method.invoke(Method.java:565)

[INFO] 
[INFO] Results:
[INFO] 
[ERROR] Failures: 
[ERROR]   F1_GestionPlanillaIngresosTest.flujoCompletoPlanillaIngresos:57 DeberÝa haber al menos una planilla de ingresos
[ERROR]   F6_GestionAniosFiscalesTest.verificarSelectorAnioActivo:169 DeberÝa mostrar el a±o activo, selector de a±o, o datos del a±o
[ERROR] Errors: 
[ERROR]   EgresosEditarEmpresaTest.editarCITest:19 ╗ Timeout Expected condition failed: waiting for element to be clickable: [[ChromeDriver: chrome on windows (56b16df3c1191a59dfb37b7d599052a0)] -> xpath: //ion-button[contains(.,'Guardar') or contains(.,'guardar')]] (tried for 20 second(s) with 500 milliseconds interval)
Build info: version: '4.27.0', revision: 'd6e718d134'
System info: os.name: 'Windows 11', os.arch: 'amd64', os.version: '10.0', java.version: '25.0.1'
Driver info: org.openqa.selenium.chrome.ChromeDriver
Capabilities {acceptInsecureCerts: false, browserName: chrome, browserVersion: 143.0.7499.169, chrome: {chromedriverVersion: 143.0.7499.169 (164b20aab62..., userDataDir: C:\Users\Usuario\AppData\Lo...}, fedcm:accounts: true, goog:chromeOptions: {debuggerAddress: localhost:63788}, goog:processID: 9476, networkConnectionEnabled: false, pageLoadStrategy: normal, platformName: windows, proxy: Proxy(), se:cdp: ws://localhost:63788/devtoo..., se:cdpVersion: 143.0.7499.169, setWindowRect: true, strictFileInteractability: false, timeouts: {implicit: 0, pageLoad: 300000, script: 30000}, unhandledPromptBehavior: dismiss and notify, webauthn:extension:credBlob: true, webauthn:extension:largeBlob: true, webauthn:extension:minPinLength: true, webauthn:extension:prf: true, webauthn:virtualAuthenticators: true}
Session ID: 56b16df3c1191a59dfb37b7d599052a0
[ERROR]   ExpoEditionUsuarioTest.editarUsuarioTest:66 ╗ NoSuchElement no such element: Unable to locate element: {"method":"xpath","selector":"//ion-card[.//ion-card-title[contains(normalize-space(), 'usuarioTestAutomatico')]]"}
  (Session info: chrome=143.0.7499.169)
For documentation on this error, please visit: https://www.selenium.dev/documentation/webdriver/troubleshooting/errors#no-such-element-exception
Build info: version: '4.27.0', revision: 'd6e718d134'
System info: os.name: 'Windows 11', os.arch: 'amd64', os.version: '10.0', java.version: '25.0.1'
Driver info: org.openqa.selenium.chrome.ChromeDriver
Command: [e6acfef48a0fb970597eaa0438202f0b, findElement {value=//ion-card[.//ion-card-title[contains(normalize-space(), 'usuarioTestAutomatico')]], using=xpath}]
Capabilities {acceptInsecureCerts: false, browserName: chrome, browserVersion: 143.0.7499.169, chrome: {chromedriverVersion: 143.0.7499.169 (164b20aab62..., userDataDir: C:\Users\Usuario\AppData\Lo...}, fedcm:accounts: true, goog:chromeOptions: {debuggerAddress: localhost:57501}, goog:processID: 17248, networkConnectionEnabled: false, pageLoadStrategy: normal, platformName: windows, proxy: Proxy(), se:cdp: ws://localhost:57501/devtoo..., se:cdpVersion: 143.0.7499.169, setWindowRect: true, strictFileInteractability: false, timeouts: {implicit: 0, pageLoad: 300000, script: 30000}, unhandledPromptBehavior: dismiss and notify, webauthn:extension:credBlob: true, webauthn:extension:largeBlob: true, webauthn:extension:minPinLength: true, webauthn:extension:prf: true, webauthn:virtualAuthenticators: true}
Session ID: e6acfef48a0fb970597eaa0438202f0b
[ERROR]   ExpoSaldoEmpresaTest.consolidacionEmpresaTest:57 ╗ NoSuchElement no such element: Unable to locate element: {"method":"xpath","selector":"//ion-card[.//ion-card-title[contains(normalize-space(), 'Galpones')]]"}
  (Session info: chrome=143.0.7499.169)
For documentation on this error, please visit: https://www.selenium.dev/documentation/webdriver/troubleshooting/errors#no-such-element-exception
Build info: version: '4.27.0', revision: 'd6e718d134'
System info: os.name: 'Windows 11', os.arch: 'amd64', os.version: '10.0', java.version: '25.0.1'
Driver info: org.openqa.selenium.chrome.ChromeDriver
Command: [33ee472e0385df3aa9260c633faf09cc, findElement {value=//ion-card[.//ion-card-title[contains(normalize-space(), 'Galpones')]], using=xpath}]
Capabilities {acceptInsecureCerts: false, browserName: chrome, browserVersion: 143.0.7499.169, chrome: {chromedriverVersion: 143.0.7499.169 (164b20aab62..., userDataDir: C:\Users\Usuario\AppData\Lo...}, fedcm:accounts: true, goog:chromeOptions: {debuggerAddress: localhost:59942}, goog:processID: 19664, networkConnectionEnabled: false, pageLoadStrategy: normal, platformName: windows, proxy: Proxy(), se:cdp: ws://localhost:59942/devtoo..., se:cdpVersion: 143.0.7499.169, setWindowRect: true, strictFileInteractability: false, timeouts: {implicit: 0, pageLoad: 300000, script: 30000}, unhandledPromptBehavior: dismiss and notify, webauthn:extension:credBlob: true, webauthn:extension:largeBlob: true, webauthn:extension:minPinLength: true, webauthn:extension:prf: true, webauthn:virtualAuthenticators: true}
Session ID: 33ee472e0385df3aa9260c633faf09cc
[ERROR]   IngresoCrearFilaTest.ingresoCrearFilaTest:22 ╗ NoSuchElement no such element: Unable to locate element: {"method":"xpath","selector":"/html/body/app-root/ion-app/ion-router-outlet/app-tabs/ion-tabs/div/ion-router-outlet/app-ingresos/ion-content/ion-grid/ion-row[2]/ion-col[1]/ion-card"}
  (Session info: chrome=143.0.7499.169)
For documentation on this error, please visit: https://www.selenium.dev/documentation/webdriver/troubleshooting/errors#no-such-element-exception
Build info: version: '4.27.0', revision: 'd6e718d134'
System info: os.name: 'Windows 11', os.arch: 'amd64', os.version: '10.0', java.version: '25.0.1'
Driver info: org.openqa.selenium.chrome.ChromeDriver
Command: [4df5c7c69b37d453de9bb6112e7cc9a6, findElement {value=/html/body/app-root/ion-app/ion-router-outlet/app-tabs/ion-tabs/div/ion-router-outlet/app-ingresos/ion-content/ion-grid/ion-row[2]/ion-col[1]/ion-card, using=xpath}]
Capabilities {acceptInsecureCerts: false, browserName: chrome, browserVersion: 143.0.7499.169, chrome: {chromedriverVersion: 143.0.7499.169 (164b20aab62..., userDataDir: C:\Users\Usuario\AppData\Lo...}, fedcm:accounts: true, goog:chromeOptions: {debuggerAddress: localhost:56058}, goog:processID: 6740, networkConnectionEnabled: false, pageLoadStrategy: normal, platformName: windows, proxy: Proxy(), se:cdp: ws://localhost:56058/devtoo..., se:cdpVersion: 143.0.7499.169, setWindowRect: true, strictFileInteractability: false, timeouts: {implicit: 0, pageLoad: 300000, script: 30000}, unhandledPromptBehavior: dismiss and notify, webauthn:extension:credBlob: true, webauthn:extension:largeBlob: true, webauthn:extension:minPinLength: true, webauthn:extension:prf: true, webauthn:virtualAuthenticators: true}
Session ID: 4df5c7c69b37d453de9bb6112e7cc9a6
[ERROR]   IngresoDetallesTest.ingresoDetallesTest:23 ╗ NoSuchElement no such element: Unable to locate element: {"method":"xpath","selector":"/html/body/app-root/ion-app/ion-router-outlet/app-tabs/ion-tabs/div/ion-router-outlet/app-ingresos/ion-content/ion-grid/ion-row[2]/ion-col[1]/ion-card"}
  (Session info: chrome=143.0.7499.169)
For documentation on this error, please visit: https://www.selenium.dev/documentation/webdriver/troubleshooting/errors#no-such-element-exception
Build info: version: '4.27.0', revision: 'd6e718d134'
System info: os.name: 'Windows 11', os.arch: 'amd64', os.version: '10.0', java.version: '25.0.1'
Driver info: org.openqa.selenium.chrome.ChromeDriver
Command: [80e17b7cdfc3cbc86d8210db8eb93349, findElement {value=/html/body/app-root/ion-app/ion-router-outlet/app-tabs/ion-tabs/div/ion-router-outlet/app-ingresos/ion-content/ion-grid/ion-row[2]/ion-col[1]/ion-card, using=xpath}]
Capabilities {acceptInsecureCerts: false, browserName: chrome, browserVersion: 143.0.7499.169, chrome: {chromedriverVersion: 143.0.7499.169 (164b20aab62..., userDataDir: C:\Users\Usuario\AppData\Lo...}, fedcm:accounts: true, goog:chromeOptions: {debuggerAddress: localhost:62612}, goog:processID: 19428, networkConnectionEnabled: false, pageLoadStrategy: normal, platformName: windows, proxy: Proxy(), se:cdp: ws://localhost:62612/devtoo..., se:cdpVersion: 143.0.7499.169, setWindowRect: true, strictFileInteractability: false, timeouts: {implicit: 0, pageLoad: 300000, script: 30000}, unhandledPromptBehavior: dismiss and notify, webauthn:extension:credBlob: true, webauthn:extension:largeBlob: true, webauthn:extension:minPinLength: true, webauthn:extension:prf: true, webauthn:virtualAuthenticators: true}
Session ID: 80e17b7cdfc3cbc86d8210db8eb93349
[ERROR]   IngresoEliminarFilaTest.eliminarFilaTest:22 ╗ Timeout Expected condition failed: waiting for presence of element located by: By.cssSelector: ion-card (tried for 20 second(s) with 500 milliseconds interval)
[ERROR]   TotalesTest.desgloseIngresos_Egresos_Balance_totalesTest:30 ╗ NumberFormat empty String
[INFO] 
[ERROR] Tests run: 114, Failures: 2, Errors: 7, Skipped: 1
[INFO] 
[INFO] ------------------------------------------------------------------------
[INFO] BUILD FAILURE
[INFO] ------------------------------------------------------------------------
[INFO] Total time:  20:15 min
[INFO] Finished at: 2025-12-22T16:43:44-03:00
[INFO] ------------------------------------------------------------------------
[ERROR] Failed to execute goal org.apache.maven.plugins:maven-surefire-plugin:3.2.5:test (default-test) on project automation: There are test failures.
[ERROR] 
[ERROR] Please refer to C:\Users\Usuario\Desktop\automation-reto-2025\target\surefire-reports for the individual test results.
[ERROR] Please refer to dump files (if any exist) [date].dump, [date]-jvmRun[N].dump and [date].dumpstream.
[ERROR] -> [Help 1]
[ERROR] 
[ERROR] To see the full stack trace of the errors, re-run Maven with the -e switch.
[ERROR] Re-run Maven using the -X switch to enable full debug logging.
[ERROR] 
[ERROR] For more information about the errors and possible solutions, please read the following articles:
[ERROR] [Help 1] http://cwiki.apache.org/confluence/display/MAVEN/MojoFailureException
